Component: ARM Compiler 5.06 update 7 (build 960) Tool: armlink [4d3601]

==============================================================================

Section Cross References

    startup_stm32f407xx.o(STACK) refers (Special) to heapauxi.o(.text) for __use_two_region_memory
    startup_stm32f407xx.o(HEAP) refers (Special) to heapauxi.o(.text) for __use_two_region_memory
    startup_stm32f407xx.o(RESET) refers (Special) to heapauxi.o(.text) for __use_two_region_memory
    startup_stm32f407xx.o(RESET) refers to startup_stm32f407xx.o(STACK) for __initial_sp
    startup_stm32f407xx.o(RESET) refers to startup_stm32f407xx.o(.text) for Reset_Handler
    startup_stm32f407xx.o(RESET) refers to stm32f4xx_it.o(i.NMI_Handler) for NMI_Handler
    startup_stm32f407xx.o(RESET) refers to stm32f4xx_it.o(i.HardFault_Handler) for HardFault_Handler
    startup_stm32f407xx.o(RESET) refers to stm32f4xx_it.o(i.MemManage_Handler) for MemManage_Handler
    startup_stm32f407xx.o(RESET) refers to stm32f4xx_it.o(i.BusFault_Handler) for BusFault_Handler
    startup_stm32f407xx.o(RESET) refers to stm32f4xx_it.o(i.UsageFault_Handler) for UsageFault_Handler
    startup_stm32f407xx.o(RESET) refers to port.o(.emb_text) for SVC_Handler
    startup_stm32f407xx.o(RESET) refers to stm32f4xx_it.o(i.DebugMon_Handler) for DebugMon_Handler
    startup_stm32f407xx.o(RESET) refers to stm32f4xx_it.o(i.SysTick_Handler) for SysTick_Handler
    startup_stm32f407xx.o(RESET) refers to stm32f4xx_it.o(i.EXTI0_IRQHandler) for EXTI0_IRQHandler
    startup_stm32f407xx.o(RESET) refers to stm32f4xx_it.o(i.EXTI3_IRQHandler) for EXTI3_IRQHandler
    startup_stm32f407xx.o(RESET) refers to stm32f4xx_it.o(i.EXTI4_IRQHandler) for EXTI4_IRQHandler
    startup_stm32f407xx.o(RESET) refers to stm32f4xx_it.o(i.CAN1_RX0_IRQHandler) for CAN1_RX0_IRQHandler
    startup_stm32f407xx.o(RESET) refers to stm32f4xx_it.o(i.EXTI9_5_IRQHandler) for EXTI9_5_IRQHandler
    startup_stm32f407xx.o(RESET) refers to ins_task.o(i.DMA2_Stream2_IRQHandler) for DMA2_Stream2_IRQHandler
    startup_stm32f407xx.o(RESET) refers to stm32f4xx_it.o(i.CAN2_RX0_IRQHandler) for CAN2_RX0_IRQHandler
    startup_stm32f407xx.o(.text) refers (Special) to heapauxi.o(.text) for __use_two_region_memory
    startup_stm32f407xx.o(.text) refers to system_stm32f4xx.o(i.SystemInit) for SystemInit
    startup_stm32f407xx.o(.text) refers to __main.o(!!!main) for __main
    startup_stm32f407xx.o(.text) refers to startup_stm32f407xx.o(HEAP) for Heap_Mem
    startup_stm32f407xx.o(.text) refers to startup_stm32f407xx.o(STACK) for Stack_Mem
    main.o(i.SystemClock_Config) refers to rt_memclr_w.o(.text) for __aeabi_memclr4
    main.o(i.SystemClock_Config) refers to stm32f4xx_hal_rcc.o(i.HAL_RCC_OscConfig) for HAL_RCC_OscConfig
    main.o(i.SystemClock_Config) refers to main.o(i.Error_Handler) for Error_Handler
    main.o(i.SystemClock_Config) refers to stm32f4xx_hal_rcc.o(i.HAL_RCC_ClockConfig) for HAL_RCC_ClockConfig
    main.o(i.main) refers to stm32f4xx_hal.o(i.HAL_Init) for HAL_Init
    main.o(i.main) refers to main.o(i.SystemClock_Config) for SystemClock_Config
    main.o(i.main) refers to gpio.o(i.MX_GPIO_Init) for MX_GPIO_Init
    main.o(i.main) refers to dma.o(i.MX_DMA_Init) for MX_DMA_Init
    main.o(i.main) refers to spi.o(i.MX_SPI1_Init) for MX_SPI1_Init
    main.o(i.main) refers to tim.o(i.MX_TIM5_Init) for MX_TIM5_Init
    main.o(i.main) refers to i2c.o(i.MX_I2C3_Init) for MX_I2C3_Init
    main.o(i.main) refers to tim.o(i.MX_TIM10_Init) for MX_TIM10_Init
    main.o(i.main) refers to can.o(i.MX_CAN1_Init) for MX_CAN1_Init
    main.o(i.main) refers to can.o(i.MX_CAN2_Init) for MX_CAN2_Init
    main.o(i.main) refers to bsp_delay.o(i.delay_init) for delay_init
    main.o(i.main) refers to freertos.o(i.MX_FREERTOS_Init) for MX_FREERTOS_Init
    main.o(i.main) refers to cmsis_os.o(i.osKernelStart) for osKernelStart
    gpio.o(i.MX_GPIO_Init) refers to rt_memclr_w.o(.text) for __aeabi_memclr4
    gpio.o(i.MX_GPIO_Init) refers to stm32f4xx_hal_gpio.o(i.HAL_GPIO_WritePin) for HAL_GPIO_WritePin
    gpio.o(i.MX_GPIO_Init) refers to stm32f4xx_hal_gpio.o(i.HAL_GPIO_Init) for HAL_GPIO_Init
    gpio.o(i.MX_GPIO_Init) refers to stm32f4xx_hal_cortex.o(i.HAL_NVIC_SetPriority) for HAL_NVIC_SetPriority
    gpio.o(i.MX_GPIO_Init) refers to stm32f4xx_hal_cortex.o(i.HAL_NVIC_EnableIRQ) for HAL_NVIC_EnableIRQ
    freertos.o(i.MX_FREERTOS_Init) refers to rt_memcpy_w.o(.text) for __aeabi_memcpy4
    freertos.o(i.MX_FREERTOS_Init) refers to cmsis_os.o(i.osThreadCreate) for osThreadCreate
    freertos.o(i.MX_FREERTOS_Init) refers to freertos.o(.constdata) for .constdata
    freertos.o(i.MX_FREERTOS_Init) refers to freertos.o(.data) for testHandle
    freertos.o(i.test_task) refers to cmsis_os.o(i.osDelay) for osDelay
    freertos.o(i.vApplicationGetIdleTaskMemory) refers to freertos.o(.bss) for xIdleTaskTCBBuffer
    freertos.o(i.vApplicationGetTimerTaskMemory) refers to freertos.o(.bss) for xTimerTaskTCBBuffer
[...]
    __rt_lib_init_getenv_1                   0x08000243   Thumb Code     0  libinit2.o(.ARM.Collect$$libinit$$00000023)
    __rt_lib_init_heap_1                     0x08000243   Thumb Code     0  libinit2.o(.ARM.Collect$$libinit$$0000000A)
    __rt_lib_init_lc_collate_1               0x08000243   Thumb Code     0  libinit2.o(.ARM.Collect$$libinit$$00000011)
    __rt_lib_init_lc_ctype_1                 0x08000243   Thumb Code     0  libinit2.o(.ARM.Collect$$libinit$$00000013)
    __rt_lib_init_lc_monetary_1              0x08000243   Thumb Code     0  libinit2.o(.ARM.Collect$$libinit$$00000015)
    __rt_lib_init_lc_numeric_1               0x08000243   Thumb Code     0  libinit2.o(.ARM.Collect$$libinit$$00000017)
    __rt_lib_init_lc_time_1                  0x08000243   Thumb Code     0  libinit2.o(.ARM.Collect$$libinit$$00000019)
    __rt_lib_init_preinit_1                  0x08000243   Thumb Code     0  libinit2.o(.ARM.Collect$$libinit$$00000004)
    __rt_lib_init_rand_1                     0x08000243   Thumb Code     0  libinit2.o(.ARM.Collect$$libinit$$0000000E)
    __rt_lib_init_return                     0x08000243   Thumb Code     0  libinit2.o(.ARM.Collect$$libinit$$00000033)
    __rt_lib_init_signal_1                   0x08000243   Thumb Code     0  libinit2.o(.ARM.Collect$$libinit$$0000001D)
    __rt_lib_init_stdio_1                    0x08000243   Thumb Code     0  libinit2.o(.ARM.Collect$$libinit$$00000025)
    __rt_lib_init_user_alloc_1               0x08000243   Thumb Code     0  libinit2.o(.ARM.Collect$$libinit$$0000000C)
    __rt_lib_shutdown                        0x08000245   Thumb Code     0  libshutdown.o(.ARM.Collect$$libshutdown$$00000000)
    __rt_lib_shutdown_cpp_1                  0x08000247   Thumb Code     0  libshutdown2.o(.ARM.Collect$$libshutdown$$00000004)
    __rt_lib_shutdown_fini_1                 0x08000247   Thumb Code     0  libshutdown2.o(.ARM.Collect$$libshutdown$$00000002)
    __rt_lib_shutdown_fp_trap_1              0x08000247   Thumb Code     0  libshutdown2.o(.ARM.Collect$$libshutdown$$00000009)
    __rt_lib_shutdown_heap_1                 0x08000247   Thumb Code     0  libshutdown2.o(.ARM.Collect$$libshutdown$$00000011)
    __rt_lib_shutdown_return                 0x08000247   Thumb Code     0  libshutdown2.o(.ARM.Collect$$libshutdown$$00000012)
    __rt_lib_shutdown_signal_1               0x08000247   Thumb Code     0  libshutdown2.o(.ARM.Collect$$libshutdown$$0000000C)
    __rt_lib_shutdown_stdio_1                0x08000247   Thumb Code     0  libshutdown2.o(.ARM.Collect$$libshutdown$$00000006)
    __rt_lib_shutdown_user_alloc_1           0x08000247   Thumb Code     0  libshutdown2.o(.ARM.Collect$$libshutdown$$0000000E)
    __rt_entry                               0x08000249   Thumb Code     0  __rtentry.o(.ARM.Collect$$rtentry$$00000000)
    __rt_entry_presh_1                       0x08000249   Thumb Code     0  __rtentry2.o(.ARM.Collect$$rtentry$$00000002)
    __rt_entry_sh                            0x08000249   Thumb Code     0  __rtentry4.o(.ARM.Collect$$rtentry$$00000004)
    __rt_entry_li                            0x0800024f   Thumb Code     0  __rtentry2.o(.ARM.Collect$$rtentry$$0000000A)
    __rt_entry_postsh_1                      0x0800024f   Thumb Code     0  __rtentry2.o(.ARM.Collect$$rtentry$$00000009)
    __rt_entry_main                          0x08000253   Thumb Code     0  __rtentry2.o(.ARM.Collect$$rtentry$$0000000D)
    __rt_entry_postli_1                      0x08000253   Thumb Code     0  __rtentry2.o(.ARM.Collect$$rtentry$$0000000C)
    __rt_exit                                0x0800025b   Thumb Code     0  rtexit.o(.ARM.Collect$$rtexit$$00000000)
    __rt_exit_ls                             0x0800025d   Thumb Code     0  rtexit2.o(.ARM.Collect$$rtexit$$00000003)
    __rt_exit_prels_1                        0x0800025d   Thumb Code     0  rtexit2.o(.ARM.Collect$$rtexit$$00000002)
    __rt_exit_exit                           0x08000261   Thumb Code     0  rtexit2.o(.ARM.Collect$$rtexit$$00000004)
    SVC_Handler                              0x08000269   Thumb Code    28  port.o(.emb_text)
    __asm___6_port_c_39a90d8d__prvStartFirstTask 0x08000289   Thumb Code    36  port.o(.emb_text)
    __asm___6_port_c_39a90d8d__prvEnableVFP  0x080002b1   Thumb Code    16  port.o(.emb_text)
    PendSV_Handler                           0x080002c5   Thumb Code    88  port.o(.emb_text)
    vPortGetIPSR                             0x08000321   Thumb Code     6  port.o(.emb_text)
    Reset_Handler                            0x08000329   Thumb Code     8  startup_stm32f407xx.o(.text)
    ADC_IRQHandler                           0x08000343   Thumb Code     0  startup_stm32f407xx.o(.text)
    CAN1_RX1_IRQHandler                      0x08000343   Thumb Code     0  startup_stm32f407xx.o(.text)
    CAN1_SCE_IRQHandler                      0x08000343   Thumb Code     0  startup_stm32f407xx.o(.text)
    CAN1_TX_IRQHandler                       0x08000343   Thumb Code     0  startup_stm32f407xx.o(.text)
    CAN2_RX1_IRQHandler                      0x08000343   Thumb Code     0  startup_stm32f407xx.o(.text)
    CAN2_SCE_IRQHandler                      0x08000343   Thumb Code     0  startup_stm32f407xx.o(.text)
    CAN2_TX_IRQHandler                       0x08000343   Thumb Code     0  startup_stm32f407xx.o(.text)
    DCMI_IRQHandler                          0x08000343   Thumb Code     0  startup_stm32f407xx.o(.text)
    DMA1_Stream0_IRQHandler                  0x08000343   Thumb Code     0  startup_stm32f407xx.o(.text)
    DMA1_Stream1_IRQHandler                  0x08000343   Thumb Code     0  startup_stm32f407xx.o(.text)
    DMA1_Stream2_IRQHandler                  0x08000343   Thumb Code     0  startup_stm32f407xx.o(.text)
    DMA1_Stream3_IRQHandler                  0x08000343   Thumb Code     0  startup_stm32f407xx.o(.text)
    DMA1_Stream4_IRQHandler                  0x08000343   Thumb Code     0  startup_stm32f407xx.o(.text)
    DMA1_Stream5_IRQHandler                  0x08000343   Thumb Code     0  startup_stm32f407xx.o(.text)
    DMA1_Stream6_IRQHandler                  0x08000343   Thumb Code     0  startup_stm32f407xx.o(.text)
    DMA1_Stream7_IRQHandler                  0x08000343   Thumb Code     0  startup_stm32f407xx.o(.text)
    DMA2_Stream0_IRQHandler                  0x08000343   Thumb Code     0  startup_stm32f407xx.o(.text)
    DMA2_Stream1_IRQHandler                  0x08000343   Thumb Code     0  startup_stm32f407xx.o(.text)
    DMA2_Stream3_IRQHandler                  0x08000343   Thumb Code     0  startup_stm32f407xx.o(.text)
    DMA2_Stream4_IRQHandler                  0x08000343   Thumb Code     0  startup_stm32f407xx.o(.text)
    DMA2_Stream5_IRQHandler                  0x08000343   Thumb Code     0  startup_stm32f407xx.o(.text)
    DMA2_Stream6_IRQHandler                  0x08000343   Thumb Code     0  startup_stm32f407xx.o(.text)
    DMA2_Stream7_IRQHandler                  0x08000343   Thumb Code     0  startup_stm32f407xx.o(.text)
    ETH_IRQHandler                           0x08000343   Thumb Code     0  startup_stm32f407xx.o(.text)
    ETH_WKUP_IRQHandler                      0x08000343   Thumb Code     0  startup_stm32f407xx.o(.text)
    EXTI15_10_IRQHandler                     0x08000343   Thumb Code     0  startup_stm32f407xx.o(.text)
    EXTI1_IRQHandler                         0x08000343   Thumb Code     0  startup_stm32f407xx.o(.text)
    EXTI2_IRQHandler                         0x08000343   Thumb Code     0  startup_stm32f407xx.o(.text)
    FLASH_IRQHandler                         0x08000343   Thumb Code     0  startup_stm32f407xx.o(.text)
    FMC_IRQHandler                           0x08000343   Thumb Code     0  startup_stm32f407xx.o(.text)
    FPU_IRQHandler                           0x08000343   Thumb Code     0  startup_stm32f407xx.o(.text)
    HASH_RNG_IRQHandler                      0x08000343   Thumb Code     0  startup_stm32f407xx.o(.text)
    I2C1_ER_IRQHandler                       0x08000343   Thumb Code     0  startup_stm32f407xx.o(.text)
    I2C1_EV_IRQHandler                       0x08000343   Thumb Code     0  startup_stm32f407xx.o(.text)
    I2C2_ER_IRQHandler                       0x08000343   Thumb Code     0  startup_stm32f407xx.o(.text)
    I2C2_EV_IRQHandler                       0x08000343   Thumb Code     0  startup_stm32f407xx.o(.text)
    I2C3_ER_IRQHandler                       0x08000343   Thumb Code     0  startup_stm32f407xx.o(.text)
    I2C3_EV_IRQHandler                       0x08000343   Thumb Code     0  startup_stm32f407xx.o(.text)
    OTG_FS_IRQHandler                        0x08000343   Thumb Code     0  startup_stm32f407xx.o(.text)
    OTG_FS_WKUP_IRQHandler                   0x08000343   Thumb Code     0  startup_stm32f407xx.o(.text)
    OTG_HS_EP1_IN_IRQHandler                 0x08000343   Thumb Code     0  startup_stm32f407xx.o(.text)
    OTG_HS_EP1_OUT_IRQHandler                0x08000343   Thumb Code     0  startup_stm32f407xx.o(.text)
    OTG_HS_IRQHandler                        0x08000343   Thumb Code     0  startup_stm32f407xx.o(.text)
    OTG_HS_WKUP_IRQHandler                   0x08000343   Thumb Code     0  startup_stm32f407xx.o(.text)
    PVD_IRQHandler                           0x08000343   Thumb Code     0  startup_stm32f407xx.o(.text)
    RCC_IRQHandler                           0x08000343   Thumb Code     0  startup_stm32f407xx.o(.text)
    RTC_Alarm_IRQHandler                     0x08000343   Thumb Code     0  startup_stm32f407xx.o(.text)
    RTC_WKUP_IRQHandler                      0x08000343   Thumb Code     0  startup_stm32f407xx.o(.text)
    SDIO_IRQHandler                          0x08000343   Thumb Code     0  startup_stm32f407xx.o(.text)
    SPI1_IRQHandler                          0x08000343   Thumb Code     0  startup_stm32f407xx.o(.text)
    SPI2_IRQHandler                          0x08000343   Thumb Code     0  startup_stm32f407xx.o(.text)
    SPI3_IRQHandler                          0x08000343   Thumb Code     0  startup_stm32f407xx.o(.text)
    TAMP_STAMP_IRQHandler                    0x08000343   Thumb Code     0  startup_stm32f407xx.o(.text)
    TIM1_BRK_TIM9_IRQHandler                 0x08000343   Thumb Code     0  startup_stm32f407xx.o(.text)
    TIM1_CC_IRQHandler                       0x08000343   Thumb Code     0  startup_stm32f407xx.o(.text)
    TIM1_TRG_COM_TIM11_IRQHandler            0x08000343   Thumb Code     0  startup_stm32f407xx.o(.text)
    TIM1_UP_TIM10_IRQHandler                 0x08000343   Thumb Code     0  startup_stm32f407xx.o(.text)
    TIM2_IRQHandler                          0x08000343   Thumb Code     0  startup_stm32f407xx.o(.text)
    TIM3_IRQHandler                          0x08000343   Thumb Code     0  startup_stm32f407xx.o(.text)
    TIM4_IRQHandler                          0x08000343   Thumb Code     0  startup_stm32f407xx.o(.text)
    TIM5_IRQHandler                          0x08000343   Thumb Code     0  startup_stm32f407xx.o(.text)
    TIM6_DAC_IRQHandler                      0x08000343   Thumb Code     0  startup_stm32f407xx.o(.text)
    TIM7_IRQHandler                          0x08000343   Thumb Code     0  startup_stm32f407xx.o(.text)
    TIM8_BRK_TIM12_IRQHandler                0x08000343   Thumb Code     0  startup_stm32f407xx.o(.text)
    TIM8_CC_IRQHandler                       0x08000343   Thumb Code     0  startup_stm32f407xx.o(.text)
    TIM8_TRG_COM_TIM14_IRQHandler            0x08000343   Thumb Code     0  startup_stm32f407xx.o(.text)
    TIM8_UP_TIM13_IRQHandler                 0x08000343   Thumb Code     0  startup_stm32f407xx.o(.text)
    UART4_IRQHandler                         0x08000343   Thumb Code     0  startup_stm32f407xx.o(.text)
    UART5_IRQHandler                         0x08000343   Thumb Code     0  startup_stm32f407xx.o(.text)
    USART1_IRQHandler                        0x08000343   Thumb Code     0  startup_stm32f407xx.o(.text)
    USART2_IRQHandler                        0x08000343   Thumb Code     0  startup_stm32f407xx.o(.text)
    USART3_IRQHandler                        0x08000343   Thumb Code     0  startup_stm32f407xx.o(.text)
    USART6_IRQHandler                        0x08000343   Thumb Code     0  startup_stm32f407xx.o(.text)
    WWDG_IRQHandler                          0x08000343   Thumb Code     0  startup_stm32f407xx.o(.text)
    __user_initial_stackheap                 0x08000345   Thumb Code     0  startup_stm32f407xx.o(.text)
    __aeabi_uldivmod                         0x08000369   Thumb Code     0  lludivv7m.o(.text)
    _ll_udiv                                 0x08000369   Thumb Code   238  lludivv7m.o(.text)
    strlen                                   0x08000457   Thumb Code    62  strlen.o(.text)
    __aeabi_memcpy                           0x08000495   Thumb Code     0  rt_memcpy_v6.o(.text)
    __rt_memcpy                              0x08000495   Thumb Code   138  rt_memcpy_v6.o(.text)
    _memcpy_lastbytes                        0x080004fb   Thumb Code     0  rt_memcpy_v6.o(.text)
    __aeabi_memcpy4                          0x0800051f   Thumb Code     0  rt_memcpy_w.o(.text)
    __aeabi_memcpy8                          0x0800051f   Thumb Code     0  rt_memcpy_w.o(.text)
    __rt_memcpy_w                            0x0800051f   Thumb Code   100  rt_memcpy_w.o(.text)
    _memcpy_lastbytes_aligned                0x08000567   Thumb Code     0  rt_memcpy_w.o(.text)
    __aeabi_memset                           0x08000583   Thumb Code    16  aeabi_memset.o(.text)
    __aeabi_memclr4                          0x08000593   Thumb Code     0  rt_memclr_w.o(.text)
    __aeabi_memclr8                          0x08000593   Thumb Code     0  rt_memclr_w.o(.text)
    __rt_memclr_w                            0x08000593   Thumb Code    78  rt_memclr_w.o(.text)
    _memset_w                                0x08000597   Thumb Code     0  rt_memclr_w.o(.text)
    __use_two_region_memory                  0x080005e1   Thumb Code     2  heapauxi.o(.text)
    __rt_heap_escrow$2region                 0x080005e3   Thumb Code     2  heapauxi.o(.text)
    __rt_heap_expand$2region                 0x080005e5   Thumb Code     2  heapauxi.o(.text)
    __read_errno                             0x080005e7   Thumb Code    10  _rserrno.o(.text)
    __set_errno                              0x080005f1   Thumb Code    12  _rserrno.o(.text)
    __aeabi_memclr                           0x080005fd   Thumb Code     0  rt_memclr.o(.text)
    __rt_memclr                              0x080005fd   Thumb Code    68  rt_memclr.o(.text)
    _memset                                  0x08000601   Thumb Code     0  rt_memclr.o(.text)
    __aeabi_errno_addr                       0x08000641   Thumb Code     8  rt_errno_addr_intlibspace.o(.text)
    __errno$intlibspace                      0x08000641   Thumb Code     0  rt_errno_addr_intlibspace.o(.text)
    __rt_errno_addr$intlibspace              0x08000641   Thumb Code     0  rt_errno_addr_intlibspace.o(.text)
    __user_libspace                          0x08000649   Thumb Code     8  libspace.o(.text)
    __user_perproc_libspace                  0x08000649   Thumb Code     0  libspace.o(.text)
    __user_perthread_libspace                0x08000649   Thumb Code     0  libspace.o(.text)
    __user_setup_stackheap                   0x08000651   Thumb Code    74  sys_stackheap_outer.o(.text)
    exit                                     0x0800069b   Thumb Code    18  exit.o(.text)
    _sys_exit                                0x080006ad   Thumb Code     8  sys_exit.o(.text)
    __I$use$semihosting                      0x080006b9   Thumb Code     0  use_no_semi.o(.text)
    __use_no_semihosting_swi                 0x080006b9   Thumb Code     2  use_no_semi.o(.text)
    __semihosting_library_function           0x080006bb   Thumb Code     0  indicate_semi.o(.text)
    AHRS_init                                0x080006bd   Thumb Code    34  ins_task.o(i.AHRS_init)
    AHRS_update                              0x080006e5   Thumb Code   106  ins_task.o(i.AHRS_update)
    BMI088_ACCEL_NS_H                        0x08000751   Thumb Code    14  bmi088middleware.o(i.BMI088_ACCEL_NS_H)
    BMI088_ACCEL_NS_L                        0x08000765   Thumb Code    14  bmi088middleware.o(i.BMI088_ACCEL_NS_L)
    BMI088_GPIO_init                         0x08000779   Thumb Code     2  bmi088middleware.o(i.BMI088_GPIO_init)
    BMI088_GYRO_NS_H                         0x0800077d   Thumb Code    14  bmi088middleware.o(i.BMI088_GYRO_NS_H)
    BMI088_GYRO_NS_L                         0x08000791   Thumb Code    14  bmi088middleware.o(i.BMI088_GYRO_NS_L)
    BMI088_accel_read_over                   0x080007a5   Thumb Code   134  bmi088driver.o(i.BMI088_accel_read_over)
    BMI088_com_init                          0x08000835   Thumb Code     2  bmi088middleware.o(i.BMI088_com_init)
    BMI088_delay_ms                          0x08000837   Thumb Code    12  bmi088middleware.o(i.BMI088_delay_ms)
    BMI088_delay_us                          0x08000843   Thumb Code    12  bmi088middleware.o(i.BMI088_delay_us)
    BMI088_gyro_read_over                    0x08000851   Thumb Code    98  bmi088driver.o(i.BMI088_gyro_read_over)
    BMI088_init                              0x080008b9   Thumb Code    52  bmi088driver.o(i.BMI088_init)
    BMI088_read                              0x080008ed   Thumb Code   372  bmi088driver.o(i.BMI088_read)
    BMI088_read_write_byte                   0x08000aa9   Thumb Code    28  bmi088middleware.o(i.BMI088_read_write_byte)
    BMI088_temperature_read_over             0x08000ac9   Thumb Code    52  bmi088driver.o(i.BMI088_temperature_read_over)
    BusFault_Handler                         0x08000b11   Thumb Code     4  stm32f4xx_it.o(i.BusFault_Handler)
    CAN1_RX0_IRQHandler                      0x08000b15   Thumb Code    10  stm32f4xx_it.o(i.CAN1_RX0_IRQHandler)
    CAN2_RX0_IRQHandler                      0x08000b25   Thumb Code    10  stm32f4xx_it.o(i.CAN2_RX0_IRQHandler)
    CANx_SendStdData                         0x08000b35   Thumb Code    74  can_receive.o(i.CANx_SendStdData)
    DMA2_Stream2_IRQHandler                  0x08000b85   Thumb Code  2182  ins_task.o(i.DMA2_Stream2_IRQHandler)
    DebugMon_Handler                         0x080014cf   Thumb Code     2  stm32f4xx_it.o(i.DebugMon_Handler)
    EXTI0_IRQHandler                         0x080014d1   Thumb Code    10  stm32f4xx_it.o(i.EXTI0_IRQHandler)
    EXTI3_IRQHandler                         0x080014db   Thumb Code    10  stm32f4xx_it.o(i.EXTI3_IRQHandler)
    EXTI4_IRQHandler                         0x080014e5   Thumb Code    10  stm32f4xx_it.o(i.EXTI4_IRQHandler)
    EXTI9_5_IRQHandler                       0x080014ef   Thumb Code    10  stm32f4xx_it.o(i.EXTI9_5_IRQHandler)
    Error_Handler                            0x080014f9   Thumb Code     2  main.o(i.Error_Handler)
    HAL_CAN_ActivateNotification             0x080014fb   Thumb Code    36  stm32f4xx_hal_can.o(i.HAL_CAN_ActivateNotification)
    HAL_CAN_AddTxMessage                     0x0800151f   Thumb Code   260  stm32f4xx_hal_can.o(i.HAL_CAN_AddTxMessage)
    HAL_CAN_ConfigFilter                     0x08001625   Thumb Code   290  stm32f4xx_hal_can.o(i.HAL_CAN_ConfigFilter)
    HAL_CAN_ErrorCallback                    0x0800174d   Thumb Code     2  stm32f4xx_hal_can.o(i.HAL_CAN_ErrorCallback)
    HAL_CAN_GetRxMessage                     0x0800174f   Thumb Code   364  stm32f4xx_hal_can.o(i.HAL_CAN_GetRxMessage)
    HAL_CAN_IRQHandler                       0x080018bb   Thumb Code   564  stm32f4xx_hal_can.o(i.HAL_CAN_IRQHandler)
    HAL_CAN_Init                             0x08001aef   Thumb Code   360  stm32f4xx_hal_can.o(i.HAL_CAN_Init)
    HAL_CAN_MspInit                          0x08001c59   Thumb Code   328  can.o(i.HAL_CAN_MspInit)
    HAL_CAN_RxFifo0FullCallback              0x08001db9   Thumb Code     2  stm32f4xx_hal_can.o(i.HAL_CAN_RxFifo0FullCallback)
    HAL_CAN_RxFifo0MsgPendingCallback        0x08001dbd   Thumb Code   266  can_receive.o(i.HAL_CAN_RxFifo0MsgPendingCallback)
    HAL_CAN_RxFifo1FullCallback              0x08001edd   Thumb Code     2  stm32f4xx_hal_can.o(i.HAL_CAN_RxFifo1FullCallback)
    HAL_CAN_RxFifo1MsgPendingCallback        0x08001edf   Thumb Code     2  stm32f4xx_hal_can.o(i.HAL_CAN_RxFifo1MsgPendingCallback)
    HAL_CAN_SleepCallback                    0x08001ee1   Thumb Code     2  stm32f4xx_hal_can.o(i.HAL_CAN_SleepCallback)
    HAL_CAN_Start                            0x08001ee3   Thumb Code   100  stm32f4xx_hal_can.o(i.HAL_CAN_Start)
    HAL_CAN_TxMailbox0AbortCallback          0x08001f47   Thumb Code     2  stm32f4xx_hal_can.o(i.HAL_CAN_TxMailbox0AbortCallback)
    HAL_CAN_TxMailbox0CompleteCallback       0x08001f49   Thumb Code     2  stm32f4xx_hal_can.o(i.HAL_CAN_TxMailbox0CompleteCallback)
    HAL_CAN_TxMailbox1AbortCallback          0x08001f4b   Thumb Code     2  stm32f4xx_hal_can.o(i.HAL_CAN_TxMailbox1AbortCallback)
    HAL_CAN_TxMailbox1CompleteCallback       0x08001f4d   Thumb Code     2  stm32f4xx_hal_can.o(i.HAL_CAN_TxMailbox1CompleteCallback)
    HAL_CAN_TxMailbox2AbortCallback          0x08001f4f   Thumb Code     2  stm32f4xx_hal_can.o(i.HAL_CAN_TxMailbox2AbortCallback)
    HAL_CAN_TxMailbox2CompleteCallback       0x08001f51   Thumb Code     2  stm32f4xx_hal_can.o(i.HAL_CAN_TxMailbox2CompleteCallback)
    HAL_CAN_WakeUpFromRxMsgCallback          0x08001f53   Thumb Code     2  stm32f4xx_hal_can.o(i.HAL_CAN_WakeUpFromRxMsgCallback)
    HAL_DMA_Init                             0x08001f55   Thumb Code   230  stm32f4xx_hal_dma.o(i.HAL_DMA_Init)
    HAL_Delay                                0x08002041   Thumb Code    34  stm32f4xx_hal.o(i.HAL_Delay)
    HAL_GPIO_EXTI_Callback                   0x08002069   Thumb Code   174  ins_task.o(i.HAL_GPIO_EXTI_Callback)
    HAL_GPIO_EXTI_IRQHandler                 0x0800213d   Thumb Code    18  stm32f4xx_hal_gpio.o(i.HAL_GPIO_EXTI_IRQHandler)
    HAL_GPIO_Init                            0x08002155   Thumb Code   538  stm32f4xx_hal_gpio.o(i.HAL_GPIO_Init)
    HAL_GPIO_WritePin                        0x08002381   Thumb Code    14  stm32f4xx_hal_gpio.o(i.HAL_GPIO_WritePin)
    HAL_GetTick                              0x08002391   Thumb Code     6  stm32f4xx_hal.o(i.HAL_GetTick)
    HAL_I2C_Init                             0x0800239d   Thumb Code   410  stm32f4xx_hal_i2c.o(i.HAL_I2C_Init)
    HAL_I2C_Mem_Read                         0x08002549   Thumb Code   692  stm32f4xx_hal_i2c.o(i.HAL_I2C_Mem_Read)
    HAL_I2C_Mem_Write                        0x08002809   Thumb Code   362  stm32f4xx_hal_i2c.o(i.HAL_I2C_Mem_Write)
    HAL_I2C_MspInit                          0x0800297d   Thumb Code   182  i2c.o(i.HAL_I2C_MspInit)
    HAL_IncTick                              0x08002a45   Thumb Code    12  stm32f4xx_hal.o(i.HAL_IncTick)
    HAL_Init                                 0x08002a55   Thumb Code    48  stm32f4xx_hal.o(i.HAL_Init)
    HAL_InitTick                             0x08002a89   Thumb Code    58  stm32f4xx_hal.o(i.HAL_InitTick)
    HAL_MspInit                              0x08002acd   Thumb Code    78  stm32f4xx_hal_msp.o(i.HAL_MspInit)
    HAL_NVIC_EnableIRQ                       0x08002b21   Thumb Code    28  stm32f4xx_hal_cortex.o(i.HAL_NVIC_EnableIRQ)
    HAL_NVIC_SetPriority                     0x08002b3d   Thumb Code    98  stm32f4xx_hal_cortex.o(i.HAL_NVIC_SetPriority)
    HAL_NVIC_SetPriorityGrouping             0x08002ba5   Thumb Code    30  stm32f4xx_hal_cortex.o(i.HAL_NVIC_SetPriorityGrouping)
    HAL_RCC_ClockConfig                      0x08002bc9   Thumb Code   354  stm32f4xx_hal_rcc.o(i.HAL_RCC_ClockConfig)
    HAL_RCC_GetHCLKFreq                      0x08002d45   Thumb Code     6  stm32f4xx_hal_rcc.o(i.HAL_RCC_GetHCLKFreq)
    HAL_RCC_GetPCLK1Freq                     0x08002d51   Thumb Code    22  stm32f4xx_hal_rcc.o(i.HAL_RCC_GetPCLK1Freq)
    HAL_RCC_GetSysClockFreq                  0x08002d71   Thumb Code    94  stm32f4xx_hal_rcc.o(i.HAL_RCC_GetSysClockFreq)
    HAL_RCC_OscConfig                        0x08002de1   Thumb Code  1154  stm32f4xx_hal_rcc.o(i.HAL_RCC_OscConfig)
    HAL_SPI_Init                             0x08003263   Thumb Code   190  stm32f4xx_hal_spi.o(i.HAL_SPI_Init)
    HAL_SPI_MspInit                          0x08003321   Thumb Code   316  spi.o(i.HAL_SPI_MspInit)
    HAL_SPI_TransmitReceive                  0x08003479   Thumb Code   504  stm32f4xx_hal_spi.o(i.HAL_SPI_TransmitReceive)
    HAL_SYSTICK_Config                       0x08003671   Thumb Code    36  stm32f4xx_hal_cortex.o(i.HAL_SYSTICK_Config)
    HAL_TIMEx_MasterConfigSynchronization    0x08003699   Thumb Code   154  stm32f4xx_hal_tim_ex.o(i.HAL_TIMEx_MasterConfigSynchronization)
    HAL_TIM_Base_Init                        0x08003733   Thumb Code    92  stm32f4xx_hal_tim.o(i.HAL_TIM_Base_Init)
    HAL_TIM_Base_MspInit                     0x08003791   Thumb Code    88  tim.o(i.HAL_TIM_Base_MspInit)
    HAL_TIM_Base_Start                       0x080037f5   Thumb Code   128  stm32f4xx_hal_tim.o(i.HAL_TIM_Base_Start)
    HAL_TIM_ConfigClockSource                0x08003875   Thumb Code   234  stm32f4xx_hal_tim.o(i.HAL_TIM_ConfigClockSource)
    HAL_TIM_MspPostInit                      0x08003961   Thumb Code   200  tim.o(i.HAL_TIM_MspPostInit)
    HAL_TIM_PWM_ConfigChannel                0x08003a45   Thumb Code   216  stm32f4xx_hal_tim.o(i.HAL_TIM_PWM_ConfigChannel)
    HAL_TIM_PWM_Init                         0x08003b1d   Thumb Code    92  stm32f4xx_hal_tim.o(i.HAL_TIM_PWM_Init)
    HAL_TIM_PWM_MspInit                      0x08003b79   Thumb Code     2  stm32f4xx_hal_tim.o(i.HAL_TIM_PWM_MspInit)
    HAL_TIM_PWM_Start                        0x08003b7d   Thumb Code   210  stm32f4xx_hal_tim.o(i.HAL_TIM_PWM_Start)
    HardFault_Handler                        0x08003c59   Thumb Code     4  stm32f4xx_it.o(i.HardFault_Handler)
    INS_task                                 0x0800416d   Thumb Code   296  ins_task.o(i.INS_task)
    MX_CAN1_Init                             0x080042e1   Thumb Code    58  can.o(i.MX_CAN1_Init)
    MX_CAN2_Init                             0x08004325   Thumb Code    58  can.o(i.MX_CAN2_Init)
    MX_DMA_Init                              0x08004369   Thumb Code    68  dma.o(i.MX_DMA_Init)
    MX_FREERTOS_Init                         0x080043b1   Thumb Code    78  freertos.o(i.MX_FREERTOS_Init)
    MX_GPIO_Init                             0x08004411   Thumb Code   428  gpio.o(i.MX_GPIO_Init)
    MX_I2C3_Init                             0x080045d1   Thumb Code    48  i2c.o(i.MX_I2C3_Init)
    MX_SPI1_Init                             0x0800460d   Thumb Code    62  spi.o(i.MX_SPI1_Init)
    MX_TIM10_Init                            0x08004655   Thumb Code   100  tim.o(i.MX_TIM10_Init)
    MX_TIM5_Init                             0x080046c1   Thumb Code   186  tim.o(i.MX_TIM5_Init)
    MahonyAHRSupdate                         0x08004785   Thumb Code  1418  mahonyahrs.o(i.MahonyAHRSupdate)
    MahonyAHRSupdateIMU                      0x08004d31   Thumb Code   730  mahonyahrs.o(i.MahonyAHRSupdateIMU)
    MemManage_Handler                        0x0800502d   Thumb Code     4  stm32f4xx_it.o(i.MemManage_Handler)
    Motor_enable                             0x08005031   Thumb Code    44  can_receive.o(i.Motor_enable)
    NMI_Handler                              0x08005065   Thumb Code     2  stm32f4xx_it.o(i.NMI_Handler)
    PID_calc                                 0x08005069   Thumb Code   492  pid.o(i.PID_calc)
    PID_init                                 0x08005259   Thumb Code    92  pid.o(i.PID_init)
    PosSpeed_CtrlMotor                       0x080052b9   Thumb Code   118  can_receive.o(i.PosSpeed_CtrlMotor)
    SPI1_DMA_enable                          0x08005335   Thumb Code 10024  bsp_spi.o(i.SPI1_DMA_enable)
    SPI1_DMA_init                            0x08007a71   Thumb Code   360  bsp_spi.o(i.SPI1_DMA_init)
    SysTick_Handler                          0x08007d2d   Thumb Code    20  stm32f4xx_it.o(i.SysTick_Handler)
    SystemClock_Config                       0x08007d41   Thumb Code   170  main.o(i.SystemClock_Config)
    SystemInit                               0x08007df5   Thumb Code    82  system_stm32f4xx.o(i.SystemInit)
    TIM_Base_SetConfig                       0x08007e59   Thumb Code   182  stm32f4xx_hal_tim.o(i.TIM_Base_SetConfig)
    TIM_CCxChannelCmd                        0x08007f25   Thumb Code    30  stm32f4xx_hal_tim.o(i.TIM_CCxChannelCmd)
    TIM_ETR_SetConfig                        0x08007f43   Thumb Code    22  stm32f4xx_hal_tim.o(i.TIM_ETR_SetConfig)
    TIM_OC2_SetConfig                        0x08007fd9   Thumb Code   112  stm32f4xx_hal_tim.o(i.TIM_OC2_SetConfig)
    UsageFault_Handler                       0x0800816b   Thumb Code     4  stm32f4xx_it.o(i.UsageFault_Handler)
    __ARM_fpclassifyf                        0x0800816f   Thumb Code    38  fpclassifyf.o(i.__ARM_fpclassifyf)
    __hardfp_asinf                           0x08008195   Thumb Code   258  asinf.o(i.__hardfp_asinf)
    __hardfp_atan2f                          0x080082c1   Thumb Code   594  atan2f.o(i.__hardfp_atan2f)
    __hardfp_sqrt                            0x0800856d   Thumb Code   122  sqrt.o(i.__hardfp_sqrt)
    __mathlib_flt_infnan                     0x080085e7   Thumb Code     6  funder.o(i.__mathlib_flt_infnan)
    __mathlib_flt_infnan2                    0x080085ed   Thumb Code     6  funder.o(i.__mathlib_flt_infnan2)
    __mathlib_flt_invalid                    0x080085f5   Thumb Code    10  funder.o(i.__mathlib_flt_invalid)
    __mathlib_flt_underflow                  0x08008605   Thumb Code    10  funder.o(i.__mathlib_flt_underflow)
    aRGB_led_show                            0x08008615   Thumb Code    82  bsp_led.o(i.aRGB_led_show)
    bmi088_accel_init                        0x0800867d   Thumb Code   302  bmi088driver.o(i.bmi088_accel_init)
    bmi088_accel_self_test                   0x080087b1   Thumb Code   760  bmi088driver.o(i.bmi088_accel_self_test)
    bmi088_gyro_init                         0x08008aad   Thumb Code   238  bmi088driver.o(i.bmi088_gyro_init)
    bmi088_gyro_self_test                    0x08008ba1   Thumb Code   208  bmi088driver.o(i.bmi088_gyro_self_test)
    can_filter_init                          0x08008c71   Thumb Code    84  bsp_can.o(i.can_filter_init)
    delay_init                               0x08008ccd   Thumb Code    32  bsp_delay.o(i.delay_init)
    delay_us                                 0x08008cfd   Thumb Code    76  bsp_delay.o(i.delay_us)
    get_angle                                0x08008d4d   Thumb Code   220  ins_task.o(i.get_angle)
    imu_pwm_set                              0x08009041   Thumb Code     8  bsp_imu_pwm.o(i.imu_pwm_set)
    invSqrt                                  0x080090f1   Thumb Code    56  mahonyahrs.o(i.invSqrt)
    ist8310_GPIO_init                        0x0800912d   Thumb Code     2  ist8310driver_middleware.o(i.ist8310_GPIO_init)
    ist8310_IIC_read_muli_reg                0x08009131   Thumb Code    30  ist8310driver_middleware.o(i.ist8310_IIC_read_muli_reg)
    ist8310_IIC_read_single_reg              0x08009155   Thumb Code    36  ist8310driver_middleware.o(i.ist8310_IIC_read_single_reg)
    ist8310_IIC_write_single_reg             0x0800917d   Thumb Code    34  ist8310driver_middleware.o(i.ist8310_IIC_write_single_reg)
    ist8310_RST_H                            0x080091a5   Thumb Code    14  ist8310driver_middleware.o(i.ist8310_RST_H)
    ist8310_RST_L                            0x080091b9   Thumb Code    14  ist8310driver_middleware.o(i.ist8310_RST_L)
    ist8310_com_init                         0x080091cd   Thumb Code     2  ist8310driver_middleware.o(i.ist8310_com_init)
    ist8310_delay_ms                         0x080091cf   Thumb Code    12  ist8310driver_middleware.o(i.ist8310_delay_ms)
    ist8310_init                             0x080091dd   Thumb Code   142  ist8310driver.o(i.ist8310_init)
    ist8310_read_mag                         0x08009271   Thumb Code   136  ist8310driver.o(i.ist8310_read_mag)
    led_RGB_flow_task                        0x080092fd   Thumb Code   422  led_flow_task.o(i.led_RGB_flow_task)
    main                                     0x080094ad   Thumb Code    56  main.o(i.main)
    osDelay                                  0x080094f1   Thumb Code    16  cmsis_os.o(i.osDelay)
    osKernelStart                            0x08009501   Thumb Code    10  cmsis_os.o(i.osKernelStart)
    osThreadCreate                           0x0800950b   Thumb Code    92  cmsis_os.o(i.osThreadCreate)
    pcTaskGetName                            0x08009569   Thumb Code    30  tasks.o(i.pcTaskGetName)
    pvPortMalloc                             0x08009e55   Thumb Code   224  heap_4.o(i.pvPortMalloc)
    pxPortInitialiseStack                    0x08009f3d   Thumb Code    38  port.o(i.pxPortInitialiseStack)
    sqrtf                                    0x08009f69   Thumb Code    62  sqrtf.o(i.sqrtf)
    test_task                                0x08009fa9   Thumb Code   102  test_task.o(i.test_task)
    uint_to_float                            0x0800a019   Thumb Code    52  can_receive.o(i.uint_to_float)
    ulTaskNotifyTake                         0x0800a04d   Thumb Code    96  tasks.o(i.ulTaskNotifyTake)
    uxListRemove                             0x0800a0b5   Thumb Code    38  list.o(i.uxListRemove)
    vApplicationGetIdleTaskMemory            0x0800a0dd   Thumb Code    14  freertos.o(i.vApplicationGetIdleTaskMemory)
    vApplicationGetTimerTaskMemory           0x0800a0f5   Thumb Code    16  freertos.o(i.vApplicationGetTimerTaskMemory)
    vListInitialise                          0x0800a10d   Thumb Code    22  list.o(i.vListInitialise)
    vListInitialiseItem                      0x0800a123   Thumb Code     6  list.o(i.vListInitialiseItem)
    vListInsert                              0x0800a129   Thumb Code    54  list.o(i.vListInsert)
    vListInsertEnd                           0x0800a15f   Thumb Code    24  list.o(i.vListInsertEnd)
    vPortEnterCritical                       0x0800a179   Thumb Code    54  port.o(i.vPortEnterCritical)
    vPortExitCritical                        0x0800a1b9   Thumb Code    38  port.o(i.vPortExitCritical)
    vPortFree                                0x0800a1e5   Thumb Code    94  heap_4.o(i.vPortFree)
    vPortSetupTimerInterrupt                 0x0800a249   Thumb Code    32  port.o(i.vPortSetupTimerInterrupt)
    vPortValidateInterruptPriority           0x0800a26d   Thumb Code    74  port.o(i.vPortValidateInterruptPriority)
    vQueueAddToRegistry                      0x0800a2c1   Thumb Code    34  queue.o(i.vQueueAddToRegistry)
    vQueueWaitForMessageRestricted           0x0800a2e9   Thumb Code    74  queue.o(i.vQueueWaitForMessageRestricted)
    vTaskDelay                               0x0800a335   Thumb Code    70  tasks.o(i.vTaskDelay)
    vTaskInternalSetTimeOutState             0x0800a385   Thumb Code    12  tasks.o(i.vTaskInternalSetTimeOutState)
    vTaskMissedYield                         0x0800a395   Thumb Code     8  tasks.o(i.vTaskMissedYield)
    vTaskNotifyGiveFromISR                   0x0800a3a1   Thumb Code   176  tasks.o(i.vTaskNotifyGiveFromISR)
    vTaskPlaceOnEventList                    0x0800a45d   Thumb Code    48  tasks.o(i.vTaskPlaceOnEventList)
    vTaskPlaceOnEventListRestricted          0x0800a491   Thumb Code    54  tasks.o(i.vTaskPlaceOnEventListRestricted)
    vTaskStartScheduler                      0x0800a4cd   Thumb Code   128  tasks.o(i.vTaskStartScheduler)
    vTaskSuspendAll                          0x0800a55d   Thumb Code    10  tasks.o(i.vTaskSuspendAll)
    vTaskSwitchContext                       0x0800a56d   Thumb Code    86  tasks.o(i.vTaskSwitchContext)
    xPortStartScheduler                      0x0800a5cd   Thumb Code   232  port.o(i.xPortStartScheduler)
    xPortSysTickHandler                      0x0800a6d1   Thumb Code    38  port.o(i.xPortSysTickHandler)
    xQueueGenericCreateStatic                0x0800a6fd   Thumb Code   112  queue.o(i.xQueueGenericCreateStatic)
    xQueueGenericReset                       0x0800a76d   Thumb Code   138  queue.o(i.xQueueGenericReset)
    xQueueGenericSend                        0x0800a7fd   Thumb Code   362  queue.o(i.xQueueGenericSend)
    xQueueGenericSendFromISR                 0x0800a96d   Thumb Code   190  queue.o(i.xQueueGenericSendFromISR)
    xQueueReceive                            0x0800aa2d   Thumb Code   322  queue.o(i.xQueueReceive)
    xTaskCheckForTimeOut                     0x0800ab75   Thumb Code   148  tasks.o(i.xTaskCheckForTimeOut)
    xTaskCreate                              0x0800ac0d   Thumb Code   108  tasks.o(i.xTaskCreate)
    xTaskCreateStatic                        0x0800ac79   Thumb Code    96  tasks.o(i.xTaskCreateStatic)
    xTaskGetHandle                           0x0800acd9   Thumb Code   124  tasks.o(i.xTaskGetHandle)
    xTaskGetSchedulerState                   0x0800ad65   Thumb Code    24  tasks.o(i.xTaskGetSchedulerState)
    xTaskGetTickCount                        0x0800ad81   Thumb Code     6  tasks.o(i.xTaskGetTickCount)
    xTaskIncrementTick                       0x0800ad8d   Thumb Code   202  tasks.o(i.xTaskIncrementTick)
    xTaskPriorityDisinherit                  0x0800ae61   Thumb Code   146  tasks.o(i.xTaskPriorityDisinherit)
    xTaskRemoveFromEventList                 0x0800aefd   Thumb Code   108  tasks.o(i.xTaskRemoveFromEventList)
    xTaskResumeAll                           0x0800af75   Thumb Code   190  tasks.o(i.xTaskResumeAll)
    xTimerCreateTimerTask                    0x0800b041   Thumb Code    86  timers.o(i.xTimerCreateTimerTask)
    xTimerGenericCommand                     0x0800b0a9   Thumb Code   112  timers.o(i.xTimerGenericCommand)
    __aeabi_d2f                              0x0800b11d   Thumb Code     0  d2f.o(x$fpl$d2f)
    _d2f                                     0x0800b11d   Thumb Code    98  d2f.o(x$fpl$d2f)
    __fpl_dnaninf                            0x0800b17f   Thumb Code   156  dnaninf.o(x$fpl$dnaninf)
    __fpl_dretinf                            0x0800b21b   Thumb Code    12  dretinf.o(x$fpl$dretinf)
    _dsqrt                                   0x0800b229   Thumb Code   404  dsqrt_umaal.o(x$fpl$dsqrt)
    __aeabi_f2d                              0x0800b3c1   Thumb Code     0  f2d.o(x$fpl$f2d)
    _f2d                                     0x0800b3c1   Thumb Code    86  f2d.o(x$fpl$f2d)
    __fpl_fnaninf                            0x0800b417   Thumb Code   140  fnaninf.o(x$fpl$fnaninf)
    _fp_init                                 0x0800b4a3   Thumb Code    10  fpinit.o(x$fpl$fpinit)
    __fplib_config_fpu_vfp                   0x0800b4ab   Thumb Code     0  fpinit.o(x$fpl$fpinit)
    __fplib_config_pureend_doubles           0x0800b4ab   Thumb Code     0  fpinit.o(x$fpl$fpinit)
    __fpl_fretinf                            0x0800b4ad   Thumb Code    10  fretinf.o(x$fpl$fretinf)
    __I$use$fp                               0x0800b4b6   Number         0  usenofp.o(x$fpl$usenofp)
    AHBPrescTable                            0x0800b50c   Data          16  system_stm32f4xx.o(.constdata)
    APBPrescTable                            0x0800b51c   Data           8  system_stm32f4xx.o(.constdata)
    Region$$Table$$Base                      0x0800b56c   Number         0  anon$$obj.o(Region$$Table)
    Region$$Table$$Limit                     0x0800b58c   Number         0  anon$$obj.o(Region$$Table)
    imuTaskHandle                            0x20000000   Data           4  freertos.o(.data)
    led_RGB_flow_handle                      0x20000004   Data           4  freertos.o(.data)
    testHandle                               0x20000008   Data           4  freertos.o(.data)
    SystemCoreClock                          0x20000010   Data           4  system_stm32f4xx.o(.data)
    gyro_dma_rx_buf                          0x20000028   Data           8  ins_task.o(.data)
    gyro_dma_tx_buf                          0x20000030   Data           8  ins_task.o(.data)
    accel_dma_tx_buf                         0x20000038   Data           9  ins_task.o(.data)
    accel_temp_dma_rx_buf                    0x20000041   Data           4  ins_task.o(.data)
    accel_temp_dma_tx_buf                    0x20000045   Data           4  ins_task.o(.data)
    gyro_update_flag                         0x20000049   Data           1  ins_task.o(.data)
    accel_update_flag                        0x2000004a   Data           1  ins_task.o(.data)
    accel_temp_update_flag                   0x2000004b   Data           1  ins_task.o(.data)
    mag_update_flag                          0x2000004c   Data           1  ins_task.o(.data)
    imu_start_dma_flag                       0x2000004d   Data           1  ins_task.o(.data)
    RGB_flow_color                           0x20000054   Data          28  led_flow_task.o(.data)
    Data_Enable                              0x20000070   Data           8  can_receive.o(.data)
    Data_Failure                             0x20000078   Data           8  can_receive.o(.data)
    Data_Save_zero                           0x20000080   Data           8  can_receive.o(.data)
    twoKp                                    0x2000009c   Data           4  mahonyahrs.o(.data)
    twoKi                                    0x200000a0   Data           4  mahonyahrs.o(.data)
    integralFBx                              0x200000a4   Data           4  mahonyahrs.o(.data)
    integralFBy                              0x200000a8   Data           4  mahonyahrs.o(.data)
    integralFBz                              0x200000ac   Data           4  mahonyahrs.o(.data)
    BMI088_ACCEL_SEN                         0x200000b0   Data           4  bmi088driver.o(.data)
    BMI088_GYRO_SEN                          0x200000b4   Data           4  bmi088driver.o(.data)
    uwTickFreq                               0x200000dc   Data           1  stm32f4xx_hal.o(.data)
    uwTickPrio                               0x200000e0   Data           4  stm32f4xx_hal.o(.data)
    uwTick                                   0x200000e4   Data           4  stm32f4xx_hal.o(.data)
    pxCurrentTCB                             0x200000e8   Data           4  tasks.o(.data)
    hcan1                                    0x2000080c   Data          40  can.o(.bss)
    hcan2                                    0x20000834   Data          40  can.o(.bss)
    hi2c3                                    0x2000085c   Data          84  i2c.o(.bss)
    hspi1                                    0x200008b0   Data          88  spi.o(.bss)
    hdma_spi1_rx                             0x20000908   Data          96  spi.o(.bss)
    hdma_spi1_tx                             0x20000968   Data          96  spi.o(.bss)
    htim5                                    0x200009c8   Data          72  tim.o(.bss)
    htim10                                   0x20000a10   Data          72  tim.o(.bss)
    accel_dma_rx_buf                         0x20000a58   Data           9  ins_task.o(.bss)
    bmi088_real_data                         0x20000a64   Data          36  ins_task.o(.bss)
    ist8310_real_data                        0x20000a88   Data          16  ins_task.o(.bss)
    INS_quat                                 0x20000ae0   Data          16  ins_task.o(.bss)
    INS_angle                                0x20000af0   Data          12  ins_task.o(.bss)
    motor_chassis                            0x20000afc   Data          70  can_receive.o(.bss)
    gimbal                                   0x20000b44   Data          64  can_receive.o(.bss)
    xQueueRegistry                           0x20000be4   Data          64  queue.o(.bss)
    __libspace_start                         0x20006e24   Data          96  libspace.o(.bss)
    __temporary_stack_top$libspace           0x20006e84   Data           0  libspace.o(.bss)



==============================================================================

Memory Map of the image

  Image Entry point : 0x08000189

  Load Region LR_IROM1 (Base: 0x08000000, Size: 0x0000b6f0, Max: 0x00100000, ABSOLUTE, COMPRESSED[0x0000b5f4])

    Execution Region ER_IROM1 (Exec base: 0x08000000, Load base: 0x08000000, Size: 0x0000b58c, Max: 0x00100000, ABSOLUTE)

    Exec Addr    Load Addr    Size         Type   Attr      Idx    E Section Name        Object

    0x08000000   0x08000000   0x00000188   Data   RO            3    RESET               startup_stm32f407xx.o
    0x08000188   0x08000188   0x00000008   Code   RO         6561  * !!!main             c_w.l(__main.o)
    0x08000190   0x08000190   0x00000034   Code   RO         6824    !!!scatter          c_w.l(__scatter.o)
    0x080001c4   0x080001c4   0x0000005a   Code   RO         6822    !!dczerorl2         c_w.l(__dczerorl2.o)
    0x0800021e   0x0800021e   0x00000002   PAD
    0x08000220   0x08000220   0x0000001c   Code   RO         6826    !!handler_zi        c_w.l(__scatter_zi.o)
    0x0800023c   0x0800023c   0x00000002   Code   RO         6693    .ARM.Collect$$libinit$$00000000  c_w.l(libinit.o)
    0x0800023e   0x0800023e   0x00000004   Code   RO         6702    .ARM.Collect$$libinit$$00000001  c_w.l(libinit2.o)
    0x08000242   0x08000242   0x00000000   Code   RO         6705    .ARM.Collect$$libinit$$00000004  c_w.l(libinit2.o)
    0x08000242   0x08000242   0x00000000   Code   RO         6708    .ARM.Collect$$libinit$$0000000A  c_w.l(libinit2.o)
    0x08000242   0x08000242   0x00000000   Code   RO         6710    .ARM.Collect$$libinit$$0000000C  c_w.l(libinit2.o)
    0x08000242   0x08000242   0x00000000   Code   RO         6712    .ARM.Collect$$libinit$$0000000E  c_w.l(libinit2.o)
    0x08000242   0x08000242   0x00000000   Code   RO         6715    .ARM.Collect$$libinit$$00000011  c_w.l(libinit2.o)
    0x08000242   0x08000242   0x00000000   Code   RO         6717    .ARM.Collect$$libinit$$00000013  c_w.l(libinit2.o)
    0x08000242   0x08000242   0x00000000   Code   RO         6719    .ARM.Collect$$libinit$$00000015  c_w.l(libinit2.o)
    0x08000242   0x08000242   0x00000000   Code   RO         6721    .ARM.Collect$$libinit$$00000017  c_w.l(libinit2.o)
    0x08000242   0x08000242   0x00000000   Code   RO         6723    .ARM.Collect$$libinit$$00000019  c_w.l(libinit2.o)
    0x08000242   0x08000242   0x00000000   Code   RO         6725    .ARM.Collect$$libinit$$0000001B  c_w.l(libinit2.o)
    0x08000242   0x08000242   0x00000000   Code   RO         6727    .ARM.Collect$$libinit$$0000001D  c_w.l(libinit2.o)
    0x08000242   0x08000242   0x00000000   Code   RO         6729    .ARM.Collect$$libinit$$0000001F  c_w.l(libinit2.o)
    0x08000242   0x08000242   0x00000000   Code   RO         6731    .ARM.Collect$$libinit$$00000021  c_w.l(libinit2.o)
    0x08000242   0x08000242   0x00000000   Code   RO         6733    .ARM.Collect$$libinit$$00000023  c_w.l(libinit2.o)
    0x08000242   0x08000242   0x00000000   Code   RO         6735    .ARM.Collect$$libinit$$00000025  c_w.l(libinit2.o)
    0x08000242   0x08000242   0x00000000   Code   RO         6739    .ARM.Collect$$libinit$$0000002C  c_w.l(libinit2.o)
    0x08000242   0x08000242   0x00000000   Code   RO         6741    .ARM.Collect$$libinit$$0000002E  c_w.l(libinit2.o)
    0x08000242   0x08000242   0x00000000   Code   RO         6743    .ARM.Collect$$libinit$$00000030  c_w.l(libinit2.o)
    0x08000242   0x08000242   0x00000000   Code   RO         6745    .ARM.Collect$$libinit$$00000032  c_w.l(libinit2.o)
    0x08000242   0x08000242   0x00000002   Code   RO         6746    .ARM.Collect$$libinit$$00000033  c_w.l(libinit2.o)
    0x08000244   0x08000244   0x00000002   Code   RO         6777    .ARM.Collect$$libshutdown$$00000000  c_w.l(libshutdown.o)
    0x08000246   0x08000246   0x00000000   Code   RO         6803    .ARM.Collect$$libshutdown$$00000002  c_w.l(libshutdown2.o)
    0x08000246   0x08000246   0x00000000   Code   RO         6805    .ARM.Collect$$libshutdown$$00000004  c_w.l(libshutdown2.o)
    0x08000246   0x08000246   0x00000000   Code   RO         6807    .ARM.Collect$$libshutdown$$00000006  c_w.l(libshutdown2.o)
    0x08000246   0x08000246   0x00000000   Code   RO         6810    .ARM.Collect$$libshutdown$$00000009  c_w.l(libshutdown2.o)
    0x08000246   0x08000246   0x00000000   Code   RO         6813    .ARM.Collect$$libshutdown$$0000000C  c_w.l(libshutdown2.o)
    0x08000246   0x08000246   0x00000000   Code   RO         6815    .ARM.Collect$$libshutdown$$0000000E  c_w.l(libshutdown2.o)
    0x08000246   0x08000246   0x00000000   Code   RO         6818    .ARM.Collect$$libshutdown$$00000011  c_w.l(libshutdown2.o)
    0x08000246   0x08000246   0x00000002   Code   RO         6819    .ARM.Collect$$libshutdown$$00000012  c_w.l(libshutdown2.o)
    0x08000248   0x08000248   0x00000000   Code   RO         6603    .ARM.Collect$$rtentry$$00000000  c_w.l(__rtentry.o)
    0x08000248   0x08000248   0x00000000   Code   RO         6654    .ARM.Collect$$rtentry$$00000002  c_w.l(__rtentry2.o)
    0x08000248   0x08000248   0x00000006   Code   RO         6666    .ARM.Collect$$rtentry$$00000004  c_w.l(__rtentry4.o)
    0x0800024e   0x0800024e   0x00000000   Code   RO         6656    .ARM.Collect$$rtentry$$00000009  c_w.l(__rtentry2.o)
    0x0800024e   0x0800024e   0x00000004   Code   RO         6657    .ARM.Collect$$rtentry$$0000000A  c_w.l(__rtentry2.o)
    0x08000252   0x08000252   0x00000000   Code   RO         6659    .ARM.Collect$$rtentry$$0000000C  c_w.l(__rtentry2.o)
    0x08000252   0x08000252   0x00000008   Code   RO         6660    .ARM.Collect$$rtentry$$0000000D  c_w.l(__rtentry2.o)
    0x0800025a   0x0800025a   0x00000002   Code   RO         6694    .ARM.Collect$$rtexit$$00000000  c_w.l(rtexit.o)
    0x0800025c   0x0800025c   0x00000000   Code   RO         6750    .ARM.Collect$$rtexit$$00000002  c_w.l(rtexit2.o)
    0x0800025c   0x0800025c   0x00000004   Code   RO         6751    .ARM.Collect$$rtexit$$00000003  c_w.l(rtexit2.o)
    0x08000260   0x08000260   0x00000006   Code   RO         6752    .ARM.Collect$$rtexit$$00000004  c_w.l(rtexit2.o)
    0x08000266   0x08000266   0x00000002   PAD
    0x08000268   0x08000268   0x000000be   Code   RO         6466    .emb_text           port.o
    0x08000326   0x08000326   0x00000002   PAD
    0x08000328   0x08000328   0x00000040   Code   RO            4    .text               startup_stm32f407xx.o
    0x08000368   0x08000368   0x000000ee   Code   RO         6545    .text               c_w.l(lludivv7m.o)
    0x08000456   0x08000456   0x0000003e   Code   RO         6547    .text               c_w.l(strlen.o)
    0x08000494   0x08000494   0x0000008a   Code   RO         6549    .text               c_w.l(rt_memcpy_v6.o)
    0x0800051e   0x0800051e   0x00000064   Code   RO         6551    .text               c_w.l(rt_memcpy_w.o)
    0x08000582   0x08000582   0x00000010   Code   RO         6555    .text               c_w.l(aeabi_memset.o)
    0x08000592   0x08000592   0x0000004e   Code   RO         6557    .text               c_w.l(rt_memclr_w.o)
    0x080005e0   0x080005e0   0x00000006   Code   RO         6559    .text               c_w.l(heapauxi.o)
    0x080005e6   0x080005e6   0x00000016   Code   RO         6608    .text               c_w.l(_rserrno.o)
    0x080005fc   0x080005fc   0x00000044   Code   RO         6610    .text               c_w.l(rt_memclr.o)
    0x08000640   0x08000640   0x00000008   Code   RO         6673    .text               c_w.l(rt_errno_addr_intlibspace.o)
    0x08000648   0x08000648   0x00000008   Code   RO         6677    .text               c_w.l(libspace.o)
    0x08000650   0x08000650   0x0000004a   Code   RO         6680    .text               c_w.l(sys_stackheap_outer.o)
    0x0800069a   0x0800069a   0x00000012   Code   RO         6682    .text               c_w.l(exit.o)
    0x080006ac   0x080006ac   0x0000000c   Code   RO         6747    .text               c_w.l(sys_exit.o)
    0x080006b8   0x080006b8   0x00000002   Code   RO         6766    .text               c_w.l(use_no_semi.o)
    0x080006ba   0x080006ba   0x00000000   Code   RO         6768    .text               c_w.l(indicate_semi.o)
    0x080006ba   0x080006ba   0x00000002   PAD
    0x080006bc   0x080006bc   0x00000028   Code   RO          912    i.AHRS_init         ins_task.o
    0x080006e4   0x080006e4   0x0000006a   Code   RO          913    i.AHRS_update       ins_task.o
    0x0800074e   0x0800074e   0x00000002   PAD
    0x08000750   0x08000750   0x00000014   Code   RO         1596    i.BMI088_ACCEL_NS_H  bmi088middleware.o
    0x08000764   0x08000764   0x00000014   Code   RO         1597    i.BMI088_ACCEL_NS_L  bmi088middleware.o
    0x08000778   0x08000778   0x00000002   Code   RO         1598    i.BMI088_GPIO_init  bmi088middleware.o
    0x0800077a   0x0800077a   0x00000002   PAD
    0x0800077c   0x0800077c   0x00000014   Code   RO         1599    i.BMI088_GYRO_NS_H  bmi088middleware.o
    0x08000790   0x08000790   0x00000014   Code   RO         1600    i.BMI088_GYRO_NS_L  bmi088middleware.o
    0x080007a4   0x080007a4   0x00000090   Code   RO         1460    i.BMI088_accel_read_over  bmi088driver.o
    0x08000834   0x08000834   0x00000002   Code   RO         1601    i.BMI088_com_init   bmi088middleware.o
    0x08000836   0x08000836   0x0000000c   Code   RO         1602    i.BMI088_delay_ms   bmi088middleware.o
    0x08000842   0x08000842   0x0000000c   Code   RO         1603    i.BMI088_delay_us   bmi088middleware.o
    0x0800084e   0x0800084e   0x00000002   PAD
    0x08000850   0x08000850   0x00000068   Code   RO         1461    i.BMI088_gyro_read_over  bmi088driver.o
    0x080008b8   0x080008b8   0x00000034   Code   RO         1462    i.BMI088_init       bmi088driver.o
    0x080008ec   0x080008ec   0x0000017c   Code   RO         1463    i.BMI088_read       bmi088driver.o
    0x08000a68   0x08000a68   0x00000026   Code   RO         1466    i.BMI088_read_muli_reg  bmi088driver.o
    0x08000a8e   0x08000a8e   0x00000018   Code   RO         1467    i.BMI088_read_single_reg  bmi088driver.o
    0x08000aa6   0x08000aa6   0x00000002   PAD
    0x08000aa8   0x08000aa8   0x00000020   Code   RO         1604    i.BMI088_read_write_byte  bmi088middleware.o
    0x08000ac8   0x08000ac8   0x00000034   Code   RO         1468    i.BMI088_temperature_read_over  bmi088driver.o
    0x08000afc   0x08000afc   0x00000014   Code   RO         1469    i.BMI088_write_single_reg  bmi088driver.o
    0x08000b10   0x08000b10   0x00000004   Code   RO          522    i.BusFault_Handler  stm32f4xx_it.o
    0x08000b14   0x08000b14   0x00000010   Code   RO          523    i.CAN1_RX0_IRQHandler  stm32f4xx_it.o
    0x08000b24   0x08000b24   0x00000010   Code   RO          524    i.CAN2_RX0_IRQHandler  stm32f4xx_it.o
    0x08000b34   0x08000b34   0x00000050   Code   RO         1201    i.CANx_SendStdData  can_receive.o
    0x08000b84   0x08000b84   0x00000898   Code   RO          914    i.DMA2_Stream2_IRQHandler  ins_task.o
    0x0800141c   0x0800141c   0x00000034   Code   RO         2542    i.DMA_CalcBaseAndBitshift  stm32f4xx_hal_dma.o
    0x08001450   0x08001450   0x0000007e   Code   RO         2543    i.DMA_CheckFifoParam  stm32f4xx_hal_dma.o
    0x080014ce   0x080014ce   0x00000002   Code   RO          525    i.DebugMon_Handler  stm32f4xx_it.o
    0x080014d0   0x080014d0   0x0000000a   Code   RO          526    i.EXTI0_IRQHandler  stm32f4xx_it.o
    0x080014da   0x080014da   0x0000000a   Code   RO          527    i.EXTI3_IRQHandler  stm32f4xx_it.o
    0x080014e4   0x080014e4   0x0000000a   Code   RO          528    i.EXTI4_IRQHandler  stm32f4xx_it.o
    0x080014ee   0x080014ee   0x0000000a   Code   RO          529    i.EXTI9_5_IRQHandler  stm32f4xx_it.o
    0x080014f8   0x080014f8   0x00000002   Code   RO           13    i.Error_Handler     main.o
    0x080014fa   0x080014fa   0x00000024   Code   RO         1805    i.HAL_CAN_ActivateNotification  stm32f4xx_hal_can.o
    0x0800151e   0x0800151e   0x00000104   Code   RO         1806    i.HAL_CAN_AddTxMessage  stm32f4xx_hal_can.o
    0x08001622   0x08001622   0x00000002   PAD
    0x08001624   0x08001624   0x00000128   Code   RO         1807    i.HAL_CAN_ConfigFilter  stm32f4xx_hal_can.o
    0x0800174c   0x0800174c   0x00000002   Code   RO         1810    i.HAL_CAN_ErrorCallback  stm32f4xx_hal_can.o
    0x0800174e   0x0800174e   0x0000016c   Code   RO         1813    i.HAL_CAN_GetRxMessage  stm32f4xx_hal_can.o
    0x080018ba   0x080018ba   0x00000234   Code   RO         1817    i.HAL_CAN_IRQHandler  stm32f4xx_hal_can.o
    0x08001aee   0x08001aee   0x00000168   Code   RO         1818    i.HAL_CAN_Init      stm32f4xx_hal_can.o
    0x08001c56   0x08001c56   0x00000002   PAD
    0x08001c58   0x08001c58   0x00000160   Code   RO          312    i.HAL_CAN_MspInit   can.o
    0x08001db8   0x08001db8   0x00000002   Code   RO         1825    i.HAL_CAN_RxFifo0FullCallback  stm32f4xx_hal_can.o
    0x08001dba   0x08001dba   0x00000002   PAD
    0x08001dbc   0x08001dbc   0x00000120   Code   RO         1202    i.HAL_CAN_RxFifo0MsgPendingCallback  can_receive.o
    0x08001edc   0x08001edc   0x00000002   Code   RO         1827    i.HAL_CAN_RxFifo1FullCallback  stm32f4xx_hal_can.o
    0x08001ede   0x08001ede   0x00000002   Code   RO         1828    i.HAL_CAN_RxFifo1MsgPendingCallback  stm32f4xx_hal_can.o
    0x08001ee0   0x08001ee0   0x00000002   Code   RO         1829    i.HAL_CAN_SleepCallback  stm32f4xx_hal_can.o
    0x08001ee2   0x08001ee2   0x00000064   Code   RO         1830    i.HAL_CAN_Start     stm32f4xx_hal_can.o
    0x08001f46   0x08001f46   0x00000002   Code   RO         1832    i.HAL_CAN_TxMailbox0AbortCallback  stm32f4xx_hal_can.o
    0x08001f48   0x08001f48   0x00000002   Code   RO         1833    i.HAL_CAN_TxMailbox0CompleteCallback  stm32f4xx_hal_can.o
    0x08001f4a   0x08001f4a   0x00000002   Code   RO         1834    i.HAL_CAN_TxMailbox1AbortCallback  stm32f4xx_hal_can.o
    0x08001f4c   0x08001f4c   0x00000002   Code   RO         1835    i.HAL_CAN_TxMailbox1CompleteCallback  stm32f4xx_hal_can.o
    0x08001f4e   0x08001f4e   0x00000002   Code   RO         1836    i.HAL_CAN_TxMailbox2AbortCallback  stm32f4xx_hal_can.o
    0x08001f50   0x08001f50   0x00000002   Code   RO         1837    i.HAL_CAN_TxMailbox2CompleteCallback  stm32f4xx_hal_can.o
    0x08001f52   0x08001f52   0x00000002   Code   RO         1839    i.HAL_CAN_WakeUpFromRxMsgCallback  stm32f4xx_hal_can.o
    0x08001f54   0x08001f54   0x000000ec   Code   RO         2551    i.HAL_DMA_Init      stm32f4xx_hal_dma.o
    0x08002040   0x08002040   0x00000028   Code   RO         2959    i.HAL_Delay         stm32f4xx_hal.o
    0x08002068   0x08002068   0x000000d4   Code   RO          915    i.HAL_GPIO_EXTI_Callback  ins_task.o
    0x0800213c   0x0800213c   0x00000018   Code   RO         2437    i.HAL_GPIO_EXTI_IRQHandler  stm32f4xx_hal_gpio.o
    0x08002154   0x08002154   0x0000022c   Code   RO         2438    i.HAL_GPIO_Init     stm32f4xx_hal_gpio.o
    0x08002380   0x08002380   0x0000000e   Code   RO         2442    i.HAL_GPIO_WritePin  stm32f4xx_hal_gpio.o
    0x0800238e   0x0800238e   0x00000002   PAD
    0x08002390   0x08002390   0x0000000c   Code   RO         2965    i.HAL_GetTick       stm32f4xx_hal.o
    0x0800239c   0x0800239c   0x000001ac   Code   RO         3221    i.HAL_I2C_Init      stm32f4xx_hal_i2c.o
    0x08002548   0x08002548   0x000002c0   Code   RO         3239    i.HAL_I2C_Mem_Read  stm32f4xx_hal_i2c.o
    0x08002808   0x08002808   0x00000174   Code   RO         3242    i.HAL_I2C_Mem_Write  stm32f4xx_hal_i2c.o
    0x0800297c   0x0800297c   0x000000c8   Code   RO          385    i.HAL_I2C_MspInit   i2c.o
    0x08002a44   0x08002a44   0x00000010   Code   RO         2971    i.HAL_IncTick       stm32f4xx_hal.o
    0x08002a54   0x08002a54   0x00000034   Code   RO         2972    i.HAL_Init          stm32f4xx_hal.o
    0x08002a88   0x08002a88   0x00000044   Code   RO         2973    i.HAL_InitTick      stm32f4xx_hal.o
    0x08002acc   0x08002acc   0x00000054   Code   RO          622    i.HAL_MspInit       stm32f4xx_hal_msp.o
    0x08002b20   0x08002b20   0x0000001c   Code   RO         2827    i.HAL_NVIC_EnableIRQ  stm32f4xx_hal_cortex.o
    0x08002b3c   0x08002b3c   0x00000068   Code   RO         2833    i.HAL_NVIC_SetPriority  stm32f4xx_hal_cortex.o
    0x08002ba4   0x08002ba4   0x00000024   Code   RO         2834    i.HAL_NVIC_SetPriorityGrouping  stm32f4xx_hal_cortex.o
    0x08002bc8   0x08002bc8   0x0000017c   Code   RO         2039    i.HAL_RCC_ClockConfig  stm32f4xx_hal_rcc.o
    0x08002d44   0x08002d44   0x0000000c   Code   RO         2044    i.HAL_RCC_GetHCLKFreq  stm32f4xx_hal_rcc.o
    0x08002d50   0x08002d50   0x00000020   Code   RO         2046    i.HAL_RCC_GetPCLK1Freq  stm32f4xx_hal_rcc.o
    0x08002d70   0x08002d70   0x00000070   Code   RO         2048    i.HAL_RCC_GetSysClockFreq  stm32f4xx_hal_rcc.o
    0x08002de0   0x08002de0   0x00000482   Code   RO         2051    i.HAL_RCC_OscConfig  stm32f4xx_hal_rcc.o
    0x08003262   0x08003262   0x000000be   Code   RO         3711    i.HAL_SPI_Init      stm32f4xx_hal_spi.o
    0x08003320   0x08003320   0x00000158   Code   RO          427    i.HAL_SPI_MspInit   spi.o
    0x08003478   0x08003478   0x000001f8   Code   RO         3720    i.HAL_SPI_TransmitReceive  stm32f4xx_hal_spi.o
    0x08003670   0x08003670   0x00000028   Code   RO         2838    i.HAL_SYSTICK_Config  stm32f4xx_hal_cortex.o
    0x08003698   0x08003698   0x0000009a   Code   RO         4758    i.HAL_TIMEx_MasterConfigSynchronization  stm32f4xx_hal_tim_ex.o
    0x08003732   0x08003732   0x0000005c   Code   RO         4024    i.HAL_TIM_Base_Init  stm32f4xx_hal_tim.o
    0x0800378e   0x0800378e   0x00000002   PAD
    0x08003790   0x08003790   0x00000064   Code   RO          469    i.HAL_TIM_Base_MspInit  tim.o
    0x080037f4   0x080037f4   0x00000080   Code   RO         4027    i.HAL_TIM_Base_Start  stm32f4xx_hal_tim.o
    0x08003874   0x08003874   0x000000ea   Code   RO         4033    i.HAL_TIM_ConfigClockSource  stm32f4xx_hal_tim.o
    0x0800395e   0x0800395e   0x00000002   PAD
    0x08003960   0x08003960   0x000000e4   Code   RO          470    i.HAL_TIM_MspPostInit  tim.o
    0x08003a44   0x08003a44   0x000000d8   Code   RO         4096    i.HAL_TIM_PWM_ConfigChannel  stm32f4xx_hal_tim.o
    0x08003b1c   0x08003b1c   0x0000005c   Code   RO         4099    i.HAL_TIM_PWM_Init  stm32f4xx_hal_tim.o
    0x08003b78   0x08003b78   0x00000002   Code   RO         4101    i.HAL_TIM_PWM_MspInit  stm32f4xx_hal_tim.o
    0x08003b7a   0x08003b7a   0x00000002   PAD
    0x08003b7c   0x08003b7c   0x000000dc   Code   RO         4104    i.HAL_TIM_PWM_Start  stm32f4xx_hal_tim.o
    0x08003c58   0x08003c58   0x00000004   Code   RO          530    i.HardFault_Handler  stm32f4xx_it.o
    0x08003c5c   0x08003c5c   0x00000032   Code   RO         3264    i.I2C_IsAcknowledgeFailed  stm32f4xx_hal_i2c.o
    0x08003c8e   0x08003c8e   0x00000002   PAD
    0x08003c90   0x08003c90   0x00000154   Code   RO         3275    i.I2C_RequestMemoryRead  stm32f4xx_hal_i2c.o
    0x08003de4   0x08003de4   0x000000d0   Code   RO         3276    i.I2C_RequestMemoryWrite  stm32f4xx_hal_i2c.o
    0x08003eb4   0x08003eb4   0x0000005c   Code   RO         3284    i.I2C_WaitOnBTFFlagUntilTimeout  stm32f4xx_hal_i2c.o
    0x08003f10   0x08003f10   0x000000b4   Code   RO         3285    i.I2C_WaitOnFlagUntilTimeout  stm32f4xx_hal_i2c.o
    0x08003fc4   0x08003fc4   0x000000ce   Code   RO         3286    i.I2C_WaitOnMasterAddressFlagUntilTimeout  stm32f4xx_hal_i2c.o
    0x08004092   0x08004092   0x0000007c   Code   RO         3287    i.I2C_WaitOnRXNEFlagUntilTimeout  stm32f4xx_hal_i2c.o
    0x0800410e   0x0800410e   0x0000005c   Code   RO         3290    i.I2C_WaitOnTXEFlagUntilTimeout  stm32f4xx_hal_i2c.o
    0x0800416a   0x0800416a   0x00000002   PAD
    0x0800416c   0x0800416c   0x00000174   Code   RO          916    i.INS_task          ins_task.o
    0x080042e0   0x080042e0   0x00000044   Code   RO          313    i.MX_CAN1_Init      can.o
    0x08004324   0x08004324   0x00000044   Code   RO          314    i.MX_CAN2_Init      can.o
    0x08004368   0x08004368   0x00000048   Code   RO          360    i.MX_DMA_Init       dma.o
    0x080043b0   0x080043b0   0x00000060   Code   RO          249    i.MX_FREERTOS_Init  freertos.o
    0x08004410   0x08004410   0x000001c0   Code   RO          225    i.MX_GPIO_Init      gpio.o
    0x080045d0   0x080045d0   0x0000003c   Code   RO          386    i.MX_I2C3_Init      i2c.o
    0x0800460c   0x0800460c   0x00000048   Code   RO          428    i.MX_SPI1_Init      spi.o
    0x08004654   0x08004654   0x0000006c   Code   RO          471    i.MX_TIM10_Init     tim.o
    0x080046c0   0x080046c0   0x000000c4   Code   RO          472    i.MX_TIM5_Init      tim.o
    0x08004784   0x08004784   0x000005ac   Code   RO         1387    i.MahonyAHRSupdate  mahonyahrs.o
    0x08004d30   0x08004d30   0x000002fc   Code   RO         1388    i.MahonyAHRSupdateIMU  mahonyahrs.o
    0x0800502c   0x0800502c   0x00000004   Code   RO          531    i.MemManage_Handler  stm32f4xx_it.o
    0x08005030   0x08005030   0x00000034   Code   RO         1203    i.Motor_enable      can_receive.o
    0x08005064   0x08005064   0x00000002   Code   RO          532    i.NMI_Handler       stm32f4xx_it.o
    0x08005066   0x08005066   0x00000002   PAD
    0x08005068   0x08005068   0x000001f0   Code   RO         1421    i.PID_calc          pid.o
    0x08005258   0x08005258   0x00000060   Code   RO         1423    i.PID_init          pid.o
    0x080052b8   0x080052b8   0x0000007c   Code   RO         1204    i.PosSpeed_CtrlMotor  can_receive.o
    0x08005334   0x08005334   0x0000273c   Code   RO          850    i.SPI1_DMA_enable   bsp_spi.o
    0x08007a70   0x08007a70   0x00000180   Code   RO          851    i.SPI1_DMA_init     bsp_spi.o
    0x08007bf0   0x08007bf0   0x00000064   Code   RO         3749    i.SPI_EndRxTxTransaction  stm32f4xx_hal_spi.o
    0x08007c54   0x08007c54   0x000000d8   Code   RO         3754    i.SPI_WaitFlagStateUntilTimeout  stm32f4xx_hal_spi.o
    0x08007d2c   0x08007d2c   0x00000014   Code   RO          533    i.SysTick_Handler   stm32f4xx_it.o
    0x08007d40   0x08007d40   0x000000b4   Code   RO           14    i.SystemClock_Config  main.o
    0x08007df4   0x08007df4   0x00000064   Code   RO          647    i.SystemInit        system_stm32f4xx.o
    0x08007e58   0x08007e58   0x000000cc   Code   RO         4117    i.TIM_Base_SetConfig  stm32f4xx_hal_tim.o
    0x08007f24   0x08007f24   0x0000001e   Code   RO         4118    i.TIM_CCxChannelCmd  stm32f4xx_hal_tim.o
    0x08007f42   0x08007f42   0x00000016   Code   RO         4128    i.TIM_ETR_SetConfig  stm32f4xx_hal_tim.o
    0x08007f58   0x08007f58   0x00000010   Code   RO         4129    i.TIM_ITRx_SetConfig  stm32f4xx_hal_tim.o
    0x08007f68   0x08007f68   0x00000070   Code   RO         4130    i.TIM_OC1_SetConfig  stm32f4xx_hal_tim.o
    0x08007fd8   0x08007fd8   0x00000078   Code   RO         4131    i.TIM_OC2_SetConfig  stm32f4xx_hal_tim.o
    0x08008050   0x08008050   0x00000078   Code   RO         4132    i.TIM_OC3_SetConfig  stm32f4xx_hal_tim.o
    0x080080c8   0x080080c8   0x00000058   Code   RO         4133    i.TIM_OC4_SetConfig  stm32f4xx_hal_tim.o
    0x08008120   0x08008120   0x00000026   Code   RO         4135    i.TIM_TI1_ConfigInputStage  stm32f4xx_hal_tim.o
    0x08008146   0x08008146   0x00000024   Code   RO         4137    i.TIM_TI2_ConfigInputStage  stm32f4xx_hal_tim.o
    0x0800816a   0x0800816a   0x00000004   Code   RO          534    i.UsageFault_Handler  stm32f4xx_it.o
    0x0800816e   0x0800816e   0x00000026   Code   RO         6625    i.__ARM_fpclassifyf  m_wm.l(fpclassifyf.o)
    0x08008194   0x08008194   0x0000012c   Code   RO         6567    i.__hardfp_asinf    m_wm.l(asinf.o)
    0x080082c0   0x080082c0   0x000002ac   Code   RO         6579    i.__hardfp_atan2f   m_wm.l(atan2f.o)
    0x0800856c   0x0800856c   0x0000007a   Code   RO         6591    i.__hardfp_sqrt     m_wm.l(sqrt.o)
    0x080085e6   0x080085e6   0x00000006   Code   RO         6628    i.__mathlib_flt_infnan  m_wm.l(funder.o)
    0x080085ec   0x080085ec   0x00000006   Code   RO         6629    i.__mathlib_flt_infnan2  m_wm.l(funder.o)
    0x080085f2   0x080085f2   0x00000002   PAD
    0x080085f4   0x080085f4   0x00000010   Code   RO         6630    i.__mathlib_flt_invalid  m_wm.l(funder.o)
    0x08008604   0x08008604   0x00000010   Code   RO         6633    i.__mathlib_flt_underflow  m_wm.l(funder.o)
    0x08008614   0x08008614   0x00000068   Code   RO          821    i.aRGB_led_show     bsp_led.o
    0x0800867c   0x0800867c   0x00000134   Code   RO         1470    i.bmi088_accel_init  bmi088driver.o
    0x080087b0   0x080087b0   0x000002fc   Code   RO         1471    i.bmi088_accel_self_test  bmi088driver.o
    0x08008aac   0x08008aac   0x000000f4   Code   RO         1472    i.bmi088_gyro_init  bmi088driver.o
    0x08008ba0   0x08008ba0   0x000000d0   Code   RO         1473    i.bmi088_gyro_self_test  bmi088driver.o
    0x08008c70   0x08008c70   0x0000005c   Code   RO          884    i.can_filter_init   bsp_can.o
    0x08008ccc   0x08008ccc   0x00000030   Code   RO          683    i.delay_init        bsp_delay.o
    0x08008cfc   0x08008cfc   0x00000050   Code   RO          685    i.delay_us          bsp_delay.o
    0x08008d4c   0x08008d4c   0x000000dc   Code   RO          917    i.get_angle         ins_task.o
    0x08008e28   0x08008e28   0x00000070   Code   RO         1207    i.get_gimbal_measure  can_receive.o
    0x08008e98   0x08008e98   0x000001a8   Code   RO          918    i.imu_cmd_spi_dma   ins_task.o
    0x08009040   0x08009040   0x0000000c   Code   RO          793    i.imu_pwm_set       bsp_imu_pwm.o
    0x0800904c   0x0800904c   0x000000a4   Code   RO          919    i.imu_temp_control  ins_task.o
    0x080090f0   0x080090f0   0x0000003c   Code   RO         1389    i.invSqrt           mahonyahrs.o
    0x0800912c   0x0800912c   0x00000002   Code   RO         1725    i.ist8310_GPIO_init  ist8310driver_middleware.o
    0x0800912e   0x0800912e   0x00000002   PAD
    0x08009130   0x08009130   0x00000024   Code   RO         1726    i.ist8310_IIC_read_muli_reg  ist8310driver_middleware.o
    0x08009154   0x08009154   0x00000028   Code   RO         1727    i.ist8310_IIC_read_single_reg  ist8310driver_middleware.o
    0x0800917c   0x0800917c   0x00000028   Code   RO         1729    i.ist8310_IIC_write_single_reg  ist8310driver_middleware.o
    0x080091a4   0x080091a4   0x00000014   Code   RO         1730    i.ist8310_RST_H     ist8310driver_middleware.o
    0x080091b8   0x080091b8   0x00000014   Code   RO         1731    i.ist8310_RST_L     ist8310driver_middleware.o
    0x080091cc   0x080091cc   0x00000002   Code   RO         1732    i.ist8310_com_init  ist8310driver_middleware.o
    0x080091ce   0x080091ce   0x0000000c   Code   RO         1733    i.ist8310_delay_ms  ist8310driver_middleware.o
    0x080091da   0x080091da   0x00000002   PAD
    0x080091dc   0x080091dc   0x00000094   Code   RO         1690    i.ist8310_init      ist8310driver.o
    0x08009270   0x08009270   0x0000008c   Code   RO         1691    i.ist8310_read_mag  ist8310driver.o
    0x080092fc   0x080092fc   0x000001b0   Code   RO         1101    i.led_RGB_flow_task  led_flow_task.o
    0x080094ac   0x080094ac   0x00000038   Code   RO           15    i.main              main.o
    0x080094e4   0x080094e4   0x0000000c   Code   RO         6032    i.makeFreeRtosPriority  cmsis_os.o
    0x080094f0   0x080094f0   0x00000010   Code   RO         6034    i.osDelay           cmsis_os.o
    0x08009500   0x08009500   0x0000000a   Code   RO         6037    i.osKernelStart     cmsis_os.o
    0x0800950a   0x0800950a   0x0000005c   Code   RO         6071    i.osThreadCreate    cmsis_os.o
    0x08009566   0x08009566   0x00000002   PAD
    0x08009568   0x08009568   0x00000024   Code   RO         5499    i.pcTaskGetName     tasks.o
    0x0800958c   0x0800958c   0x00000080   Code   RO         5500    i.prvAddCurrentTaskToDelayedList  tasks.o
    0x0800960c   0x0800960c   0x00000088   Code   RO         5501    i.prvAddNewTaskToReadyList  tasks.o
    0x08009694   0x08009694   0x0000005c   Code   RO         5864    i.prvCheckForValidListAndQueue  timers.o
    0x080096f0   0x080096f0   0x00000040   Code   RO         5502    i.prvCheckTasksWaitingTermination  tasks.o
    0x08009730   0x08009730   0x00000024   Code   RO         5147    i.prvCopyDataFromQueue  queue.o
    0x08009754   0x08009754   0x0000006e   Code   RO         5148    i.prvCopyDataToQueue  queue.o
    0x080097c2   0x080097c2   0x00000040   Code   RO         5503    i.prvDeleteTCB      tasks.o
    0x08009802   0x08009802   0x00000002   PAD
    0x08009804   0x08009804   0x00000024   Code   RO         5865    i.prvGetNextExpireTime  timers.o
    0x08009828   0x08009828   0x00000050   Code   RO         6411    i.prvHeapInit       heap_4.o
    0x08009878   0x08009878   0x00000028   Code   RO         5504    i.prvIdleTask       tasks.o
    0x080098a0   0x080098a0   0x00000018   Code   RO         5151    i.prvInitialiseNewQueue  queue.o
    0x080098b8   0x080098b8   0x00000098   Code   RO         5505    i.prvInitialiseNewTask  tasks.o
    0x08009950   0x08009950   0x00000060   Code   RO         5506    i.prvInitialiseTaskLists  tasks.o
    0x080099b0   0x080099b0   0x0000005c   Code   RO         6412    i.prvInsertBlockIntoFreeList  heap_4.o
    0x08009a0c   0x08009a0c   0x00000048   Code   RO         5867    i.prvInsertTimerInActiveList  timers.o
    0x08009a54   0x08009a54   0x0000001a   Code   RO         5152    i.prvIsQueueEmpty   queue.o
    0x08009a6e   0x08009a6e   0x0000001e   Code   RO         5153    i.prvIsQueueFull    queue.o
    0x08009a8c   0x08009a8c   0x00000068   Code   RO         5868    i.prvProcessExpiredTimer  timers.o
    0x08009af4   0x08009af4   0x00000110   Code   RO         5869    i.prvProcessReceivedCommands  timers.o
    0x08009c04   0x08009c04   0x0000006c   Code   RO         5870    i.prvProcessTimerOrBlockTask  timers.o
    0x08009c70   0x08009c70   0x00000024   Code   RO         5507    i.prvResetNextTaskUnblockTime  tasks.o
    0x08009c94   0x08009c94   0x0000002c   Code   RO         5871    i.prvSampleTimeNow  timers.o
    0x08009cc0   0x08009cc0   0x0000006e   Code   RO         5508    i.prvSearchForNameWithinSingleList  tasks.o
    0x08009d2e   0x08009d2e   0x00000002   PAD
    0x08009d30   0x08009d30   0x00000078   Code   RO         5872    i.prvSwitchTimerLists  timers.o
    0x08009da8   0x08009da8   0x00000030   Code   RO         6467    i.prvTaskExitError  port.o
    0x08009dd8   0x08009dd8   0x00000014   Code   RO         5873    i.prvTimerTask      timers.o
    0x08009dec   0x08009dec   0x00000068   Code   RO         5154    i.prvUnlockQueue    queue.o
    0x08009e54   0x08009e54   0x000000e8   Code   RO         6413    i.pvPortMalloc      heap_4.o
    0x08009f3c   0x08009f3c   0x0000002c   Code   RO         6468    i.pxPortInitialiseStack  port.o
    0x08009f68   0x08009f68   0x0000003e   Code   RO         6643    i.sqrtf             m_wm.l(sqrtf.o)
    0x08009fa6   0x08009fa6   0x00000002   PAD
    0x08009fa8   0x08009fa8   0x00000070   Code   RO         1160    i.test_task         test_task.o
    0x0800a018   0x0800a018   0x00000034   Code   RO         1211    i.uint_to_float     can_receive.o
    0x0800a04c   0x0800a04c   0x00000068   Code   RO         5512    i.ulTaskNotifyTake  tasks.o
    0x0800a0b4   0x0800a0b4   0x00000026   Code   RO         5107    i.uxListRemove      list.o
    0x0800a0da   0x0800a0da   0x00000002   PAD
    0x0800a0dc   0x0800a0dc   0x00000018   Code   RO          251    i.vApplicationGetIdleTaskMemory  freertos.o
    0x0800a0f4   0x0800a0f4   0x00000018   Code   RO          252    i.vApplicationGetTimerTaskMemory  freertos.o
    0x0800a10c   0x0800a10c   0x00000016   Code   RO         5108    i.vListInitialise   list.o
    0x0800a122   0x0800a122   0x00000006   Code   RO         5109    i.vListInitialiseItem  list.o
    0x0800a128   0x0800a128   0x00000036   Code   RO         5110    i.vListInsert       list.o
    0x0800a15e   0x0800a15e   0x00000018   Code   RO         5111    i.vListInsertEnd    list.o
    0x0800a176   0x0800a176   0x00000002   PAD
    0x0800a178   0x0800a178   0x00000040   Code   RO         6470    i.vPortEnterCritical  port.o
    0x0800a1b8   0x0800a1b8   0x0000002c   Code   RO         6471    i.vPortExitCritical  port.o
    0x0800a1e4   0x0800a1e4   0x00000064   Code   RO         6414    i.vPortFree         heap_4.o
    0x0800a248   0x0800a248   0x00000024   Code   RO         6472    i.vPortSetupTimerInterrupt  port.o
    0x0800a26c   0x0800a26c   0x00000054   Code   RO         6473    i.vPortValidateInterruptPriority  port.o
    0x0800a2c0   0x0800a2c0   0x00000028   Code   RO         5158    i.vQueueAddToRegistry  queue.o
    0x0800a2e8   0x0800a2e8   0x0000004a   Code   RO         5161    i.vQueueWaitForMessageRestricted  queue.o
    0x0800a332   0x0800a332   0x00000002   PAD
    0x0800a334   0x0800a334   0x00000050   Code   RO         5519    i.vTaskDelay        tasks.o
    0x0800a384   0x0800a384   0x00000010   Code   RO         5523    i.vTaskInternalSetTimeOutState  tasks.o
    0x0800a394   0x0800a394   0x0000000c   Code   RO         5524    i.vTaskMissedYield  tasks.o
    0x0800a3a0   0x0800a3a0   0x000000bc   Code   RO         5525    i.vTaskNotifyGiveFromISR  tasks.o
    0x0800a45c   0x0800a45c   0x00000034   Code   RO         5526    i.vTaskPlaceOnEventList  tasks.o
    0x0800a490   0x0800a490   0x0000003c   Code   RO         5527    i.vTaskPlaceOnEventListRestricted  tasks.o
    0x0800a4cc   0x0800a4cc   0x00000090   Code   RO         5534    i.vTaskStartScheduler  tasks.o
    0x0800a55c   0x0800a55c   0x00000010   Code   RO         5536    i.vTaskSuspendAll   tasks.o
    0x0800a56c   0x0800a56c   0x00000060   Code   RO         5537    i.vTaskSwitchContext  tasks.o
    0x0800a5cc   0x0800a5cc   0x00000104   Code   RO         6474    i.xPortStartScheduler  port.o
    0x0800a6d0   0x0800a6d0   0x0000002c   Code   RO         6475    i.xPortSysTickHandler  port.o
    0x0800a6fc   0x0800a6fc   0x00000070   Code   RO         5165    i.xQueueGenericCreateStatic  queue.o
    0x0800a76c   0x0800a76c   0x00000090   Code   RO         5166    i.xQueueGenericReset  queue.o
    0x0800a7fc   0x0800a7fc   0x00000170   Code   RO         5167    i.xQueueGenericSend  queue.o
    0x0800a96c   0x0800a96c   0x000000be   Code   RO         5168    i.xQueueGenericSendFromISR  queue.o
    0x0800aa2a   0x0800aa2a   0x00000002   PAD
    0x0800aa2c   0x0800aa2c   0x00000148   Code   RO         5176    i.xQueueReceive     queue.o
    0x0800ab74   0x0800ab74   0x00000098   Code   RO         5540    i.xTaskCheckForTimeOut  tasks.o
    0x0800ac0c   0x0800ac0c   0x0000006c   Code   RO         5541    i.xTaskCreate       tasks.o
    0x0800ac78   0x0800ac78   0x00000060   Code   RO         5542    i.xTaskCreateStatic  tasks.o
    0x0800acd8   0x0800acd8   0x0000008c   Code   RO         5546    i.xTaskGetHandle    tasks.o
    0x0800ad64   0x0800ad64   0x0000001c   Code   RO         5547    i.xTaskGetSchedulerState  tasks.o
    0x0800ad80   0x0800ad80   0x0000000c   Code   RO         5548    i.xTaskGetTickCount  tasks.o
    0x0800ad8c   0x0800ad8c   0x000000d4   Code   RO         5550    i.xTaskIncrementTick  tasks.o
    0x0800ae60   0x0800ae60   0x0000009c   Code   RO         5553    i.xTaskPriorityDisinherit  tasks.o
    0x0800aefc   0x0800aefc   0x00000078   Code   RO         5555    i.xTaskRemoveFromEventList  tasks.o
    0x0800af74   0x0800af74   0x000000cc   Code   RO         5556    i.xTaskResumeAll    tasks.o
    0x0800b040   0x0800b040   0x00000068   Code   RO         5880    i.xTimerCreateTimerTask  timers.o
    0x0800b0a8   0x0800b0a8   0x00000074   Code   RO         5881    i.xTimerGenericCommand  timers.o
    0x0800b11c   0x0800b11c   0x00000062   Code   RO         6563    x$fpl$d2f           fz_wm.l(d2f.o)
    0x0800b17e   0x0800b17e   0x0000009c   Code   RO         6614    x$fpl$dnaninf       fz_wm.l(dnaninf.o)
    0x0800b21a   0x0800b21a   0x0000000c   Code   RO         6616    x$fpl$dretinf       fz_wm.l(dretinf.o)
    0x0800b226   0x0800b226   0x00000002   PAD
    0x0800b228   0x0800b228   0x00000198   Code   RO         6618    x$fpl$dsqrt         fz_wm.l(dsqrt_umaal.o)
    0x0800b3c0   0x0800b3c0   0x00000056   Code   RO         6565    x$fpl$f2d           fz_wm.l(f2d.o)
    0x0800b416   0x0800b416   0x0000008c   Code   RO         6620    x$fpl$fnaninf       fz_wm.l(fnaninf.o)
    0x0800b4a2   0x0800b4a2   0x0000000a   Code   RO         6762    x$fpl$fpinit        fz_wm.l(fpinit.o)
    0x0800b4ac   0x0800b4ac   0x0000000a   Code   RO         6622    x$fpl$fretinf       fz_wm.l(fretinf.o)
    0x0800b4b6   0x0800b4b6   0x00000000   Code   RO         6624    x$fpl$usenofp       fz_wm.l(usenofp.o)
    0x0800b4b6   0x0800b4b6   0x00000002   PAD
    0x0800b4b8   0x0800b4b8   0x00000054   Data   RO          254    .constdata          freertos.o
    0x0800b50c   0x0800b50c   0x00000018   Data   RO          648    .constdata          system_stm32f4xx.o
    0x0800b524   0x0800b524   0x0000000c   Data   RO          921    .constdata          ins_task.o
    0x0800b530   0x0800b530   0x00000012   Data   RO         1478    .constdata          bmi088driver.o
    0x0800b542   0x0800b542   0x0000000c   Data   RO         1693    .constdata          ist8310driver.o
    0x0800b54e   0x0800b54e   0x00000008   Data   RO         2557    .constdata          stm32f4xx_hal_dma.o
    0x0800b556   0x0800b556   0x00000002   PAD
    0x0800b558   0x0800b558   0x00000011   Data   RO          255    .conststring        freertos.o
    0x0800b569   0x0800b569   0x00000003   PAD
    0x0800b56c   0x0800b56c   0x00000020   Data   RO         6820    Region$$Table       anon$$obj.o


    Execution Region RW_IRAM1 (Exec base: 0x20000000, Load base: 0x0800b58c, Size: 0x0000ae88, Max: 0x00020000, ABSOLUTE, COMPRESSED[0x00000068])

    Exec Addr    Load Addr    Size         Type   Attr      Idx    E Section Name        Object

    0x20000000   COMPRESSED   0x0000000c   Data   RW          256    .data               freertos.o
    0x2000000c   COMPRESSED   0x00000004   Data   RW          316    .data               can.o
    0x20000010   COMPRESSED   0x00000004   Data   RW          649    .data               system_stm32f4xx.o
    0x20000014   COMPRESSED   0x00000008   Data   RW          686    .data               bsp_delay.o
    0x2000001c   COMPRESSED   0x00000008   Data   RW          822    .data               bsp_led.o
    0x20000024   COMPRESSED   0x00000030   Data   RW          922    .data               ins_task.o
    0x20000054   COMPRESSED   0x0000001c   Data   RW         1102    .data               led_flow_task.o
    0x20000070   COMPRESSED   0x0000002a   Data   RW         1213    .data               can_receive.o
    0x2000009a   COMPRESSED   0x00000002   PAD
    0x2000009c   COMPRESSED   0x00000014   Data   RW         1390    .data               mahonyahrs.o
    0x200000b0   COMPRESSED   0x0000002c   Data   RW         1479    .data               bmi088driver.o
    0x200000dc   COMPRESSED   0x0000000c   Data   RW         2979    .data               stm32f4xx_hal.o
    0x200000e8   COMPRESSED   0x0000003c   Data   RW         5559    .data               tasks.o
    0x20000124   COMPRESSED   0x00000014   Data   RW         5889    .data               timers.o
    0x20000138   COMPRESSED   0x00000020   Data   RW         6420    .data               heap_4.o
    0x20000158   COMPRESSED   0x0000000c   Data   RW         6476    .data               port.o
    0x20000164        -       0x000006a8   Zero   RW          253    .bss                freertos.o
    0x2000080c        -       0x00000050   Zero   RW          315    .bss                can.o
    0x2000085c        -       0x00000054   Zero   RW          387    .bss                i2c.o
    0x200008b0        -       0x00000118   Zero   RW          429    .bss                spi.o
    0x200009c8        -       0x00000090   Zero   RW          473    .bss                tim.o
    0x20000a58        -       0x000000a4   Zero   RW          920    .bss                ins_task.o
    0x20000afc        -       0x000000e8   Zero   RW         1212    .bss                can_receive.o
    0x20000be4        -       0x00000040   Zero   RW         5179    .bss                queue.o
    0x20000c24        -       0x000000f0   Zero   RW         5558    .bss                tasks.o
    0x20000d14        -       0x00000110   Zero   RW         5888    .bss                timers.o
    0x20000e24        -       0x00006000   Zero   RW         6419    .bss                heap_4.o
    0x20006e24        -       0x00000060   Zero   RW         6678    .bss                c_w.l(libspace.o)
    0x20006e84   COMPRESSED   0x00000004   PAD
    0x20006e88        -       0x00002000   Zero   RW            2    HEAP                startup_stm32f407xx.o
    0x20008e88        -       0x00002000   Zero   RW            1    STACK               startup_stm32f407xx.o


==============================================================================

Image component sizes


      Code (inc. data)   RO Data    RW Data    ZI Data      Debug   Object Name

      2338         40         18         44          0      10499   bmi088driver.o
       140         28          0          0          0       4772   bmi088middleware.o
        92          8          0          0          0        582   bsp_can.o
       128         20          0          8          0     593356   bsp_delay.o
        12          4          0          0          0        494   bsp_imu_pwm.o
       104         22          0          8          0        584   bsp_led.o
     10428        170          0          0          0       5646   bsp_spi.o
       488         44          0          4         80       2362   can.o
       708         50          0         42        232       7006   can_receive.o
       130          0          0          0          0      22843   cmsis_os.o
        72          4          0          0          0        738   dma.o
         0          0          0          0          0      19648   event_groups.o
       144         36        101         12       1704       2843   freertos.o
       448         20          0          0          0       1155   gpio.o
       504         32          0         32      24576       4995   heap_4.o
       260         30          0          0         84       1665   i2c.o
      3738        248         12         48        164     597523   ins_task.o
       288         10         12          0          0       2630   ist8310driver.o
       172         28          0          0          0       5155   ist8310driver_middleware.o
       432         10          0         28          0       1641   led_flow_task.o
       144          0          0          0          0       3554   list.o
      2276         72          0         20          0       4897   mahonyahrs.o
       238         10          0          0          0     740364   main.o
       592          8          0          0          0       2466   pid.o
       814         92          0         12          0      11945   port.o
      1586         24          0          0         64      17556   queue.o
       416         38          0          0        280       1875   spi.o
        64         26        392          0      16384        840   startup_stm32f407xx.o
       188         30          0         12          0       9365   stm32f4xx_hal.o
      2004          6          0          0          0      14875   stm32f4xx_hal_can.o
       208         16          0          0          0      33639   stm32f4xx_hal_cortex.o
       414         14          8          0          0       3055   stm32f4xx_hal_dma.o
       594         24          0          0          0       2971   stm32f4xx_hal_gpio.o
      2796         48          0          0          0      13574   stm32f4xx_hal_i2c.o
        84          6          0          0          0        822   stm32f4xx_hal_msp.o
      1690         94          0          0          0       5905   stm32f4xx_hal_rcc.o
      1010         14          0          0          0       4809   stm32f4xx_hal_spi.o
      1770         56          0          0          0      13503   stm32f4xx_hal_tim.o
       154          0          0          0          0       1392   stm32f4xx_hal_tim_ex.o
       112         12          0          0          0       6085   stm32f4xx_it.o
         0          0          0          0          0        392   stream_buffer.o
       100         18         24          4          0       1139   system_stm32f4xx.o
      2858        238          0         60        240      32743   tasks.o
       112         10          0          0          0        536   test_task.o
       632         58          0          0        144       3095   tim.o
      1088         94          0         20        272      30751   timers.o

    ----------------------------------------------------------------------
     42618       1812        604        356      44224    2248285   Object Totals
         0          0         32          0          0          0   (incl. Generated)
        48          0          5          2          0          0   (incl. Padding)

    ----------------------------------------------------------------------

      Code (inc. data)   RO Data    RW Data    ZI Data      Debug   Library Member Name

        90          0          0          0          0          0   __dczerorl2.o
         8          0          0          0          0         68   __main.o
         0          0          0          0          0          0   __rtentry.o
        12          0          0          0          0          0   __rtentry2.o
         6          0          0          0          0          0   __rtentry4.o
        52          8          0          0          0          0   __scatter.o
        28          0          0          0          0          0   __scatter_zi.o
        22          0          0          0          0        100   _rserrno.o
        16          0          0          0          0         68   aeabi_memset.o
        18          0          0          0          0         80   exit.o
         6          0          0          0          0        152   heapauxi.o
         0          0          0          0          0          0   indicate_semi.o
         2          0          0          0          0          0   libinit.o
         6          0          0          0          0          0   libinit2.o
         2          0          0          0          0          0   libshutdown.o
         2          0          0          0          0          0   libshutdown2.o
         8          4          0          0         96         68   libspace.o
       238          0          0          0          0        100   lludivv7m.o
         8          4          0          0          0         68   rt_errno_addr_intlibspace.o
        68          0          0          0          0         68   rt_memclr.o
        78          0          0          0          0         80   rt_memclr_w.o
       138          0          0          0          0         68   rt_memcpy_v6.o
       100          0          0          0          0         80   rt_memcpy_w.o
         2          0          0          0          0          0   rtexit.o
        10          0          0          0          0          0   rtexit2.o
        62          0          0          0          0         76   strlen.o
        12          4          0          0          0         68   sys_exit.o
        74          0          0          0          0         80   sys_stackheap_outer.o
         2          0          0          0          0         68   use_no_semi.o
        98          4          0          0          0        140   d2f.o
       156          4          0          0          0        140   dnaninf.o
        12          0          0          0          0        116   dretinf.o
       408         56          0          0          0        168   dsqrt_umaal.o
        86          4          0          0          0        132   f2d.o
       140          4          0          0          0        132   fnaninf.o
        10          0          0          0          0        116   fpinit.o
        10          0          0          0          0        116   fretinf.o
         0          0          0          0          0          0   usenofp.o
       300         42          0          0          0        176   asinf.o
       684         90          0          0          0        208   atan2f.o
        38          0          0          0          0        116   fpclassifyf.o
        44         12          0          0          0        464   funder.o
       122          0          0          0          0        148   sqrt.o
        62          0          0          0          0        136   sqrtf.o

    ----------------------------------------------------------------------
      3254        236          0          0        100       3600   Library Totals
        14          0          0          0          4          0   (incl. Padding)

    ----------------------------------------------------------------------

      Code (inc. data)   RO Data    RW Data    ZI Data      Debug   Library Name

      1070         20          0          0         96       1292   c_w.l
       920         72          0          0          0       1060   fz_wm.l
      1250        144          0          0          0       1248   m_wm.l

    ----------------------------------------------------------------------
      3254        236          0          0        100       3600   Library Totals

    ----------------------------------------------------------------------

==============================================================================


      Code (inc. data)   RO Data    RW Data    ZI Data      Debug   

     45872       2048        604        356      44324    2226661   Grand Totals
     45872       2048        604        104      44324    2226661   ELF Image Totals (compressed)
     45872       2048        604        104          0          0   ROM Totals

==============================================================================

    Total RO  Size (Code + RO Data)                46476 (  45.39kB)
    Total RW  Size (RW Data + ZI Data)             44680 (  43.63kB)
    Total ROM Size (Code + RO Data + RW Data)      46580 (  45.49kB)

==============================================================================

